Component: ARM Compiler 6.16 Tool: armlink [5dfeaa00]

==============================================================================

Memory Map of the image

  Image Entry point : 0x00000301

  Load Region LR_IROM1 (Base: 0x00000000, Size: 0x00008d18, Max: 0x00080000, ABSOLUTE, COMPRESSED[0x00008b38])

    Execution Region ER_IROM0 (Base: 0x00000000, Size: 0x000000c4, Max: 0x000002fc, ABSOLUTE)

    Base Addr    Size         Type   Attr      Idx    E Section Name        Object

    0x00000000   0x000000c4   Data   RO        29055    RESET               BUILD/LPC1768/ARMC6/mbed-os/targets/TARGET_NXP/TARGET_LPC176X/device/TOOLCHAIN_ARM_STD/startup_LPC17xx.o


    Execution Region ER_CRP (Base: 0x000002fc, Size: 0x00000004, Max: 0x00000004, ABSOLUTE, FIXED)

    Base Addr    Size         Type   Attr      Idx    E Section Name        Object

    0x000002fc   0x00000004   Data   RO        29054    .CRPSection         BUILD/LPC1768/ARMC6/mbed-os/targets/TARGET_NXP/TARGET_LPC176X/device/CRP.o


    Execution Region ER_IROM1 (Base: 0x00000300, Size: 0x00008760, Max: 0x0007fd00, ABSOLUTE, FIXED)

    Base Addr    Size         Type   Attr      Idx    E Section Name        Object

    0x00000300   0x00000008   Code   RO        29749  * !!!main             c:\Users\qinxi\AppData\Local\Mbed Studio\mbed-studio-tools\ac6\bin\..\lib\armlib\c_w.l(__main.o)
    0x00000308   0x00000034   Code   RO        30706    !!!scatter          c:\Users\qinxi\AppData\Local\Mbed Studio\mbed-studio-tools\ac6\bin\..\lib\armlib\c_w.l(__scatter.o)
    0x0000033c   0x0000005a   Code   RO        30704    !!dczerorl2         c:\Users\qinxi\AppData\Local\Mbed Studio\mbed-studio-tools\ac6\bin\..\lib\armlib\c_w.l(__dczerorl2.o)
    0x00000396   0x00000002   PAD
    0x00000398   0x0000001c   Code   RO        30708    !!handler_zi        c:\Users\qinxi\AppData\Local\Mbed Studio\mbed-studio-tools\ac6\bin\..\lib\armlib\c_w.l(__scatter_zi.o)
    0x000003b4   0x00000002   Code   RO        29748    .ARM.Collect$$libinit$$00000000  c:\Users\qinxi\AppData\Local\Mbed Studio\mbed-studio-tools\ac6\bin\..\lib\armlib\c_w.l(libinit.o)
    0x000003b6   0x00000000   Code   RO        30022    .ARM.Collect$$libinit$$00000002  c:\Users\qinxi\AppData\Local\Mbed Studio\mbed-studio-tools\ac6\bin\..\lib\armlib\c_w.l(libinit2.o)
    0x000003b6   0x00000000   Code   RO        30024    .ARM.Collect$$libinit$$00000004  c:\Users\qinxi\AppData\Local\Mbed Studio\mbed-studio-tools\ac6\bin\..\lib\armlib\c_w.l(libinit2.o)
    0x000003b6   0x00000008   Code   RO        30025    .ARM.Collect$$libinit$$00000005  c:\Users\qinxi\AppData\Local\Mbed Studio\mbed-studio-tools\ac6\bin\..\lib\armlib\c_w.l(libinit2.o)
    0x000003be   0x00000000   Code   RO        30027    .ARM.Collect$$libinit$$0000000A  c:\Users\qinxi\AppData\Local\Mbed Studio\mbed-studio-tools\ac6\bin\..\lib\armlib\c_w.l(libinit2.o)
    0x000003be   0x00000000   Code   RO        30029    .ARM.Collect$$libinit$$0000000C  c:\Users\qinxi\AppData\Local\Mbed Studio\mbed-studio-tools\ac6\bin\..\lib\armlib\c_w.l(libinit2.o)
    0x000003be   0x00000004   Code   RO        30030    .ARM.Collect$$libinit$$0000000D  c:\Users\qinxi\AppData\Local\Mbed Studio\mbed-studio-tools\ac6\bin\..\lib\armlib\c_w.l(libinit2.o)
    0x000003c2   0x00000000   Code   RO        30031    .ARM.Collect$$libinit$$0000000E  c:\Users\qinxi\AppData\Local\Mbed Studio\mbed-studio-tools\ac6\bin\..\lib\armlib\c_w.l(libinit2.o)
    0x000003c2   0x00000000   Code   RO        30034    .ARM.Collect$$libinit$$00000011  c:\Users\qinxi\AppData\Local\Mbed Studio\mbed-studio-tools\ac6\bin\..\lib\armlib\c_w.l(libinit2.o)
    0x000003c2   0x00000000   Code   RO        30036    .ARM.Collect$$libinit$$00000013  c:\Users\qinxi\AppData\Local\Mbed Studio\mbed-studio-tools\ac6\bin\..\lib\armlib\c_w.l(libinit2.o)
    0x000003c2   0x00000000   Code   RO        30038    .ARM.Collect$$libinit$$00000015  c:\Users\qinxi\AppData\Local\Mbed Studio\mbed-studio-tools\ac6\bin\..\lib\armlib\c_w.l(libinit2.o)
    0x000003c2   0x00000000   Code   RO        30040    .ARM.Collect$$libinit$$00000017  c:\Users\qinxi\AppData\Local\Mbed Studio\mbed-studio-tools\ac6\bin\..\lib\armlib\c_w.l(libinit2.o)
    0x000003c2   0x00000000   Code   RO        30042    .ARM.Collect$$libinit$$00000019  c:\Users\qinxi\AppData\Local\Mbed Studio\mbed-studio-tools\ac6\bin\..\lib\armlib\c_w.l(libinit2.o)
    0x000003c2   0x00000000   Code   RO        30044    .ARM.Collect$$libinit$$0000001B  c:\Users\qinxi\AppData\Local\Mbed Studio\mbed-studio-tools\ac6\bin\..\lib\armlib\c_w.l(libinit2.o)
    0x000003c2   0x00000000   Code   RO        30046    .ARM.Collect$$libinit$$0000001D  c:\Users\qinxi\AppData\Local\Mbed Studio\mbed-studio-tools\ac6\bin\..\lib\armlib\c_w.l(libinit2.o)
    0x000003c2   0x00000000   Code   RO        30048    .ARM.Collect$$libinit$$0000001F  c:\Users\qinxi\AppData\Local\Mbed Studio\mbed-studio-tools\ac6\bin\..\lib\armlib\c_w.l(libinit2.o)
[...]
    0x00001bbc   0x00000008   Code   RO          709    .text.OUTLINED_FUNCTION_1  BUILD/LPC1768/ARMC6/mbed-os/cmsis/CMSIS_5/CMSIS/RTOS2/RTX/Source/rtx_mutex.o
    0x00001bc4   0x00000006   Code   RO        23265    .text.OUTLINED_FUNCTION_1  BUILD/LPC1768/ARMC6/mbed-os/drivers/source/PwmOut.o
    0x00001bca   0x00000006   Code   RO        23397    .text.OUTLINED_FUNCTION_1  BUILD/LPC1768/ARMC6/mbed-os/drivers/source/SerialBase.o
    0x00001bd0   0x0000000c   Code   RO        25691    .text.OUTLINED_FUNCTION_1  BUILD/LPC1768/ARMC6/mbed-os/hal/source/mbed_ticker_api.o
    0x00001bdc   0x00000006   Code   RO        25945    .text.OUTLINED_FUNCTION_1  BUILD/LPC1768/ARMC6/mbed-os/platform/source/FileBase.o
    0x00001be2   0x00000008   Code   RO        26820    .text.OUTLINED_FUNCTION_1  BUILD/LPC1768/ARMC6/mbed-os/platform/source/mbed_retarget.o
    0x00001bea   0x00000012   Code   RO        27085    .text.OUTLINED_FUNCTION_1  BUILD/LPC1768/ARMC6/mbed-os/platform/source/minimal-printf/mbed_printf_implementation.o
    0x00001bfc   0x00000028   Code   RO           28    .text.OUTLINED_FUNCTION_2  BUILD/LPC1768/ARMC6/4DGL-uLCD-SE/uLCD_4DGL_Graphics.o
    0x00001c24   0x0000000a   Code   RO          108    .text.OUTLINED_FUNCTION_2  BUILD/LPC1768/ARMC6/4DGL-uLCD-SE/uLCD_4DGL_Text.o
    0x00001c2e   0x0000000e   Code   RO          156    .text.OUTLINED_FUNCTION_2  BUILD/LPC1768/ARMC6/4DGL-uLCD-SE/uLCD_4DGL_main.o
    0x00001c3c   0x0000000a   Code   RO          318    .text.OUTLINED_FUNCTION_2  BUILD/LPC1768/ARMC6/keyboard.o
    0x00001c46   0x00000008   Code   RO          542    .text.OUTLINED_FUNCTION_2  BUILD/LPC1768/ARMC6/mbed-os/cmsis/CMSIS_5/CMSIS/RTOS2/RTX/Source/rtx_kernel.o
    0x00001c4e   0x0000000a   Code   RO          711    .text.OUTLINED_FUNCTION_2  BUILD/LPC1768/ARMC6/mbed-os/cmsis/CMSIS_5/CMSIS/RTOS2/RTX/Source/rtx_mutex.o
    0x00001c58   0x00000012   Code   RO        22850    .text.OUTLINED_FUNCTION_2  BUILD/LPC1768/ARMC6/mbed-os/drivers/source/BufferedSerial.o
    0x00001c6a   0x0000000c   Code   RO        23399    .text.OUTLINED_FUNCTION_2  BUILD/LPC1768/ARMC6/mbed-os/drivers/source/SerialBase.o
    0x00001c76   0x00000010   Code   RO        26123    .text.OUTLINED_FUNCTION_2  BUILD/LPC1768/ARMC6/mbed-os/platform/source/Stream.o
    0x00001c86   0x00000008   Code   RO        26822    .text.OUTLINED_FUNCTION_2  BUILD/LPC1768/ARMC6/mbed-os/platform/source/mbed_retarget.o
    0x00001c8e   0x00000024   Code   RO           30    .text.OUTLINED_FUNCTION_3  BUILD/LPC1768/ARMC6/4DGL-uLCD-SE/uLCD_4DGL_Graphics.o
    0x00001cb2   0x00000006   Code   RO          158    .text.OUTLINED_FUNCTION_3  BUILD/LPC1768/ARMC6/4DGL-uLCD-SE/uLCD_4DGL_main.o
    0x00001cb8   0x00000008   Code   RO          320    .text.OUTLINED_FUNCTION_3  BUILD/LPC1768/ARMC6/keyboard.o
    0x00001cc0   0x00000006   Code   RO          544    .text.OUTLINED_FUNCTION_3  BUILD/LPC1768/ARMC6/mbed-os/cmsis/CMSIS_5/CMSIS/RTOS2/RTX/Source/rtx_kernel.o
    0x00001cc6   0x00000014   Code   RO        22852    .text.OUTLINED_FUNCTION_3  BUILD/LPC1768/ARMC6/mbed-os/drivers/source/BufferedSerial.o
    0x00001cda   0x00000008   Code   RO        23401    .text.OUTLINED_FUNCTION_3  BUILD/LPC1768/ARMC6/mbed-os/drivers/source/SerialBase.o
    0x00001ce2   0x0000000a   Code   RO           32    .text.OUTLINED_FUNCTION_4  BUILD/LPC1768/ARMC6/4DGL-uLCD-SE/uLCD_4DGL_Graphics.o
    0x00001cec   0x00000006   Code   RO          160    .text.OUTLINED_FUNCTION_4  BUILD/LPC1768/ARMC6/4DGL-uLCD-SE/uLCD_4DGL_main.o
    0x00001cf2   0x0000000e   Code   RO        22854    .text.OUTLINED_FUNCTION_4  BUILD/LPC1768/ARMC6/mbed-os/drivers/source/BufferedSerial.o
    0x00001d00   0x00000008   Code   RO        23403    .text.OUTLINED_FUNCTION_4  BUILD/LPC1768/ARMC6/mbed-os/drivers/source/SerialBase.o
    0x00001d08   0x00000006   Code   RO        26127    .text.OUTLINED_FUNCTION_4  BUILD/LPC1768/ARMC6/mbed-os/platform/source/Stream.o
    0x00001d0e   0x00000006   Code   RO          162    .text.OUTLINED_FUNCTION_5  BUILD/LPC1768/ARMC6/4DGL-uLCD-SE/uLCD_4DGL_main.o
    0x00001d14   0x00000006   Code   RO        22856    .text.OUTLINED_FUNCTION_5  BUILD/LPC1768/ARMC6/mbed-os/drivers/source/BufferedSerial.o
    0x00001d1a   0x0000000a   Code   RO        23405    .text.OUTLINED_FUNCTION_5  BUILD/LPC1768/ARMC6/mbed-os/drivers/source/SerialBase.o
    0x00001d24   0x0000000c   Code   RO          897    .text.OUTLINED_FUNCTION_6  BUILD/LPC1768/ARMC6/mbed-os/cmsis/CMSIS_5/CMSIS/RTOS2/RTX/Source/rtx_thread.o
    0x00001d30   0x00000006   Code   RO        22858    .text.OUTLINED_FUNCTION_6  BUILD/LPC1768/ARMC6/mbed-os/drivers/source/BufferedSerial.o
    0x00001d36   0x00000006   Code   RO        22860    .text.OUTLINED_FUNCTION_7  BUILD/LPC1768/ARMC6/mbed-os/drivers/source/BufferedSerial.o
    0x00001d3c   0x0000009c   Code   RO        29084    .text.SystemInit    BUILD/LPC1768/ARMC6/mbed-os/targets/TARGET_NXP/TARGET_LPC176X/device/system_LPC17xx.o
    0x00001dd8   0x00000064   Code   RO          837    .text.ThreadFlagsCheck  BUILD/LPC1768/ARMC6/mbed-os/cmsis/CMSIS_5/CMSIS/RTOS2/RTX/Source/rtx_thread.o
    0x00001e3c   0x00000048   Code   RO          927    .text.TimerInsert   BUILD/LPC1768/ARMC6/mbed-os/cmsis/CMSIS_5/CMSIS/RTOS2/RTX/Source/rtx_timer.o
    0x00001e84   0x0000008c   Code   RO          277    .text._GLOBAL__sub_I_hardware.cpp  BUILD/LPC1768/ARMC6/hardware.o
    0x00001f10   0x00000038   Code   RO          336    .text._GLOBAL__sub_I_main.cpp  BUILD/LPC1768/ARMC6/main.o
    0x00001f48   0x000001dc   Code   RO          310    .text._Z10check_wordv  BUILD/LPC1768/ARMC6/keyboard.o
    0x00002124   0x0000003c   Code   RO          248    .text._Z10deleteNodeP13dlinkedlist_tP8llnode_t  BUILD/LPC1768/ARMC6/doubly_linked_list.o
    0x00002160   0x0000001e   Code   RO          244    .text._Z10insertHeadP13dlinkedlist_tPv  BUILD/LPC1768/ARMC6/doubly_linked_list.o
    0x0000217e   0x00000020   Code   RO          246    .text._Z10insertTailP13dlinkedlist_tPv  BUILD/LPC1768/ARMC6/doubly_linked_list.o
    0x0000219e   0x00000002   PAD
    0x000021a0   0x00000054   Code   RO        29481    .text._Z10start_menuv  BUILD/LPC1768/ARMC6/menu.o
    0x000021f4   0x00000028   Code   RO          260    .text._Z11draw_spritev  BUILD/LPC1768/ARMC6/graphics.o
    0x0000221c   0x00000050   Code   RO          240    .text._Z11insertAfterP13dlinkedlist_tP8llnode_tPv  BUILD/LPC1768/ARMC6/doubly_linked_list.o
    0x0000226c   0x0000007c   Code   RO        29502    .text._Z11long_speechPPKci  BUILD/LPC1768/ARMC6/speech.o
    0x000022e8   0x00000068   Code   RO          275    .text._Z11read_inputsv  BUILD/LPC1768/ARMC6/hardware.o
    0x00002350   0x0000004c   Code   RO          242    .text._Z12insertBeforeP13dlinkedlist_tP8llnode_tPv  BUILD/LPC1768/ARMC6/doubly_linked_list.o
    0x0000239c   0x0000000c   Code   RO        29485    .text._Z12suddendeathfv  BUILD/LPC1768/ARMC6/menu.o
    0x000023a8   0x00000014   Code   RO          224    .text._Z13create_llnodePv  BUILD/LPC1768/ARMC6/doubly_linked_list.o
    0x000023bc   0x00000028   Code   RO          273    .text._Z13hardware_initv  BUILD/LPC1768/ARMC6/hardware.o
    0x000023e4   0x000000b8   Code   RO          302    .text._Z13init_keyboardv  BUILD/LPC1768/ARMC6/keyboard.o
    0x0000249c   0x0000003c   Code   RO          312    .text._Z13remove_letterv  BUILD/LPC1768/ARMC6/keyboard.o
    0x000024d8   0x00000038   Code   RO          308    .text._Z13select_letterv  BUILD/LPC1768/ARMC6/keyboard.o
    0x00002510   0x0000006c   Code   RO          264    .text._Z14animate_spritev  BUILD/LPC1768/ARMC6/graphics.o
    0x0000257c   0x00000084   Code   RO          334    .text._Z15set_random_seedN4mbed5TimerE  BUILD/LPC1768/ARMC6/main.o
    0x00002600   0x00000020   Code   RO          262    .text._Z17draw_lower_statusv  BUILD/LPC1768/ARMC6/graphics.o
    0x00002620   0x00000012   Code   RO          226    .text._Z18create_dlinkedlistv  BUILD/LPC1768/ARMC6/doubly_linked_list.o
    0x00002632   0x00000002   PAD
    0x00002634   0x000000fc   Code   RO        29498    .text._Z18speech_bubble_waitv  BUILD/LPC1768/ARMC6/speech.o
    0x00002730   0x00000010   Code   RO        29500    .text._Z6speechPKcS0_  BUILD/LPC1768/ARMC6/speech.o
    0x00002740   0x00000004   Code   RO          230    .text._Z7getHeadP13dlinkedlist_t  BUILD/LPC1768/ARMC6/doubly_linked_list.o
    0x00002744   0x0000000c   Code   RO        29487    .text._Z7normalfv   BUILD/LPC1768/ARMC6/menu.o
    0x00002750   0x00000030   Code   RO          304    .text._Z8moveleftv  BUILD/LPC1768/ARMC6/keyboard.o
    0x00002780   0x0000006c   Code   RO        29479    .text._Z9draw_menui  BUILD/LPC1768/ARMC6/menu.o
    0x000027ec   0x0000000c   Code   RO        29483    .text._Z9hardmodefv  BUILD/LPC1768/ARMC6/menu.o
    0x000027f8   0x00000038   Code   RO          306    .text._Z9moverightv  BUILD/LPC1768/ARMC6/keyboard.o
    0x00002830   0x0000000e   Code   RO        26694    .text._ZL12convert_crlfi  BUILD/LPC1768/ARMC6/mbed-os/platform/source/mbed_retarget.o
    0x0000283e   0x00000002   PAD
    0x00002840   0x00000010   Code   RO        22038    .text._ZL14singleton_lockv  BUILD/LPC1768/ARMC6/mbed-os/connectivity/netsocket/source/nsapi_dns.o
    0x00002850   0x00000010   Code   RO        26790    .text._ZL14singleton_lockv  BUILD/LPC1768/ARMC6/mbed-os/platform/source/mbed_retarget.o
    0x00002860   0x0000000c   Code   RO        22040    .text._ZL16singleton_unlockv  BUILD/LPC1768/ARMC6/mbed-os/connectivity/netsocket/source/nsapi_dns.o
    0x0000286c   0x00000010   Code   RO        26792    .text._ZL16singleton_unlockv  BUILD/LPC1768/ARMC6/mbed-os/platform/source/mbed_retarget.o
    0x0000287c   0x0000001a   Code   RO         1038    .text._ZL17default_idle_hookv  BUILD/LPC1768/ARMC6/mbed-os/cmsis/device/rtos/source/mbed_rtx_idle.o
    0x00002896   0x00000002   PAD
    0x00002898   0x00000044   Code   RO        29504    .text._ZL18draw_speech_bubblev  BUILD/LPC1768/ARMC6/speech.o
    0x000028dc   0x00000018   Code   RO        26686    .text._ZL18handle_open_errorsij  BUILD/LPC1768/ARMC6/mbed-os/platform/source/mbed_retarget.o
    0x000028f4   0x0000004c   Code   RO        26672    .text._ZL18reserve_filehandlev  BUILD/LPC1768/ARMC6/mbed-os/platform/source/mbed_retarget.o
    0x00002940   0x0000000c   Code   RO          204    .text._ZN10Nav_Switch2upEv  BUILD/LPC1768/ARMC6/Nav_Switch/Nav_Switch.o
    0x0000294c   0x0000000c   Code   RO          206    .text._ZN10Nav_Switch4downEv  BUILD/LPC1768/ARMC6/Nav_Switch/Nav_Switch.o
    0x00002958   0x0000000c   Code   RO          208    .text._ZN10Nav_Switch4leftEv  BUILD/LPC1768/ARMC6/Nav_Switch/Nav_Switch.o
    0x00002964   0x0000000c   Code   RO          210    .text._ZN10Nav_Switch5rightEv  BUILD/LPC1768/ARMC6/Nav_Switch/Nav_Switch.o
    0x00002970   0x0000000c   Code   RO          212    .text._ZN10Nav_Switch6centerEv  BUILD/LPC1768/ARMC6/Nav_Switch/Nav_Switch.o
    0x0000297c   0x00000040   Code   RO          202    .text._ZN10Nav_SwitchC2E7PinNameS0_S0_S0_S0_  BUILD/LPC1768/ARMC6/Nav_Switch/Nav_Switch.o
    0x000029bc   0x00000020   Code   RO        29510    .text._ZN11wave_playerC2EPN4mbed9AnalogOutE  BUILD/LPC1768/ARMC6/wave_player/wave_player.o
    0x000029dc   0x00000018   Code   RO        26656    .text._ZN12DirectSerial4readEPvj  BUILD/LPC1768/ARMC6/mbed-os/platform/source/mbed_retarget.o
    0x000029f4   0x00000008   Code   RO        26846    .text._ZN12DirectSerial4seekEli  BUILD/LPC1768/ARMC6/mbed-os/platform/source/mbed_retarget.o
    0x000029fc   0x00000006   Code   RO        26852    .text._ZN12DirectSerial4sizeEv  BUILD/LPC1768/ARMC6/mbed-os/platform/source/mbed_retarget.o
    0x00002a02   0x00000004   Code   RO        26848    .text._ZN12DirectSerial5closeEv  BUILD/LPC1768/ARMC6/mbed-os/platform/source/mbed_retarget.o
    0x00002a06   0x00000002   PAD
    0x00002a08   0x00000020   Code   RO        26654    .text._ZN12DirectSerial5writeEPKvj  BUILD/LPC1768/ARMC6/mbed-os/platform/source/mbed_retarget.o
    0x00002a28   0x00000004   Code   RO        26850    .text._ZN12DirectSerial6isattyEv  BUILD/LPC1768/ARMC6/mbed-os/platform/source/mbed_retarget.o
    0x00002a2c   0x00000034   Code   RO        26652    .text._ZN12DirectSerialC2ERK15serial_pinmap_ti  BUILD/LPC1768/ARMC6/mbed-os/platform/source/mbed_retarget.o
    0x00002a60   0x00000004   Code   RO        26844    .text._ZN12DirectSerialD0Ev  BUILD/LPC1768/ARMC6/mbed-os/platform/source/mbed_retarget.o
    0x00002a64   0x00000018   Code   RO          166    .text._ZN4mbed10DigitalOutC2E7PinName  BUILD/LPC1768/ARMC6/4DGL-uLCD-SE/uLCD_4DGL_main.o
    0x00002a7c   0x00000006   Code   RO          180    .text._ZN4mbed10FileHandle12enable_inputEb  BUILD/LPC1768/ARMC6/4DGL-uLCD-SE/uLCD_4DGL_main.o
    0x00002a82   0x00000002   PAD
    0x00002a84   0x00000010   Code   RO          176    .text._ZN4mbed10FileHandle12set_blockingEb  BUILD/LPC1768/ARMC6/4DGL-uLCD-SE/uLCD_4DGL_main.o
    0x00002a94   0x00000006   Code   RO          182    .text._ZN4mbed10FileHandle13enable_outputEb  BUILD/LPC1768/ARMC6/4DGL-uLCD-SE/uLCD_4DGL_main.o
    0x00002a9a   0x00000038   Code   RO        25951    .text._ZN4mbed10FileHandle4sizeEv  BUILD/LPC1768/ARMC6/mbed-os/platform/source/FileHandle.o
    0x00002ad2   0x00000004   Code   RO        23568    .text._ZN4mbed10FileHandle4syncEv  BUILD/LPC1768/ARMC6/mbed-os/drivers/source/UnbufferedSerial.o
    0x00002ad6   0x0000000a   Code   RO        22874    .text._ZN4mbed10FileHandle4tellEv  BUILD/LPC1768/ARMC6/mbed-os/drivers/source/BufferedSerial.o
    0x00002ae0   0x00000002   Code   RO          186    .text._ZN4mbed10FileHandle5sigioENS_8CallbackIFvvEEE  BUILD/LPC1768/ARMC6/4DGL-uLCD-SE/uLCD_4DGL_main.o
    0x00002ae2   0x00000004   Code   RO        25959    .text._ZN4mbed10FileHandle6isattyEv  BUILD/LPC1768/ARMC6/mbed-os/platform/source/FileHandle.o
    0x00002ae6   0x0000000a   Code   RO        22876    .text._ZN4mbed10FileHandle6rewindEv  BUILD/LPC1768/ARMC6/mbed-os/drivers/source/BufferedSerial.o
    0x00002af0   0x00000006   Code   RO          170    .text._ZN4mbed10FileHandle8truncateEl  BUILD/LPC1768/ARMC6/4DGL-uLCD-SE/uLCD_4DGL_main.o
    0x00002af6   0x00000002   Code   RO        25957    .text._ZN4mbed10FileHandleD0Ev  BUILD/LPC1768/ARMC6/mbed-os/platform/source/FileHandle.o
    0x00002af8   0x00000002   Code   RO        25955    .text._ZN4mbed10FileHandleD2Ev  BUILD/LPC1768/ARMC6/mbed-os/platform/source/FileHandle.o
    0x00002afa   0x00000006   Code   RO        23367    .text._ZN4mbed10SerialBase10_base_getcEv  BUILD/LPC1768/ARMC6/mbed-os/drivers/source/SerialBase.o
    0x00002b00   0x0000000e   Code   RO        23369    .text._ZN4mbed10SerialBase10_base_putcEi  BUILD/LPC1768/ARMC6/mbed-os/drivers/source/SerialBase.o
    0x00002b0e   0x0000000e   Code   RO        23365    .text._ZN4mbed10SerialBase12_irq_handlerEj9SerialIrq  BUILD/LPC1768/ARMC6/mbed-os/drivers/source/SerialBase.o
    0x00002b1c   0x0000007e   Code   RO        23373    .text._ZN4mbed10SerialBase12enable_inputEb  BUILD/LPC1768/ARMC6/mbed-os/drivers/source/SerialBase.o
    0x00002b9a   0x0000007e   Code   RO        23375    .text._ZN4mbed10SerialBase13enable_outputEb  BUILD/LPC1768/ARMC6/mbed-os/drivers/source/SerialBase.o
    0x00002c18   0x00000026   Code   RO        23355    .text._ZN4mbed10SerialBase4baudEi  BUILD/LPC1768/ARMC6/mbed-os/drivers/source/SerialBase.o
    0x00002c3e   0x00000002   Code   RO        23383    .text._ZN4mbed10SerialBase4lockEv  BUILD/LPC1768/ARMC6/mbed-os/drivers/source/SerialBase.o
    0x00002c40   0x00000050   Code   RO        23349    .text._ZN4mbed10SerialBase5_initEv  BUILD/LPC1768/ARMC6/mbed-os/drivers/source/SerialBase.o
    0x00002c90   0x00000092   Code   RO        23363    .text._ZN4mbed10SerialBase6attachENS_8CallbackIFvvEEENS0_7IrqTypeE  BUILD/LPC1768/ARMC6/mbed-os/drivers/source/SerialBase.o
    0x00002d22   0x00000002   Code   RO        23385    .text._ZN4mbed10SerialBase6unlockEv  BUILD/LPC1768/ARMC6/mbed-os/drivers/source/SerialBase.o
    0x00002d24   0x00000016   Code   RO        23359    .text._ZN4mbed10SerialBase8readableEv  BUILD/LPC1768/ARMC6/mbed-os/drivers/source/SerialBase.o
    0x00002d3a   0x00000016   Code   RO        23361    .text._ZN4mbed10SerialBase9writeableEv  BUILD/LPC1768/ARMC6/mbed-os/drivers/source/SerialBase.o
    0x00002d50   0x00000060   Code   RO        23347    .text._ZN4mbed10SerialBaseC2E7PinNameS1_i  BUILD/LPC1768/ARMC6/mbed-os/drivers/source/SerialBase.o
    0x00002db0   0x0000000e   Code   RO        23389    .text._ZN4mbed10SerialBaseD0Ev  BUILD/LPC1768/ARMC6/mbed-os/drivers/source/SerialBase.o
    0x00002dbe   0x00000002   PAD
    0x00002dc0   0x0000003c   Code   RO        23387    .text._ZN4mbed10SerialBaseD2Ev  BUILD/LPC1768/ARMC6/mbed-os/drivers/source/SerialBase.o
    0x00002dfc   0x00000026   Code   RO        23421    .text._ZN4mbed10TickerBase7handlerEv  BUILD/LPC1768/ARMC6/mbed-os/drivers/source/Ticker.o
    0x00002e22   0x00000002   PAD
    0x00002e24   0x00000020   Code   RO        23413    .text._ZN4mbed10TickerBaseC2EPK13ticker_data_tb  BUILD/LPC1768/ARMC6/mbed-os/drivers/source/Ticker.o
    0x00002e44   0x00000014   Code   RO        23505    .text._ZN4mbed10TimerEvent15insert_absoluteENSt3__26chrono10time_pointINS_15TickerDataClockENS2_8durationIxNS1_5ratioILx1ELx1000000EEEEEEE  BUILD/LPC1768/ARMC6/mbed-os/drivers/source/TimerEvent.o
    0x00002e58   0x00000006   Code   RO        23495    .text._ZN4mbed10TimerEvent3irqEj  BUILD/LPC1768/ARMC6/mbed-os/drivers/source/TimerEvent.o
    0x00002e5e   0x00000002   PAD
    0x00002e60   0x0000002c   Code   RO        23493    .text._ZN4mbed10TimerEventC2EPK13ticker_data_t  BUILD/LPC1768/ARMC6/mbed-os/drivers/source/TimerEvent.o
    0x00002e8c   0x00000028   Code   RO        26670    .text._ZN4mbed10bind_to_fdEPNS_10FileHandleE  BUILD/LPC1768/ARMC6/mbed-os/platform/source/mbed_retarget.o
    0x00002eb4   0x0000000e   Code   RO        23167    .text._ZN4mbed11InterruptIn4readEv  BUILD/LPC1768/ARMC6/mbed-os/drivers/source/InterruptIn.o
    0x00002ec2   0x0000001c   Code   RO        22838    .text._ZN4mbed14BufferedSerial12enable_inputEb  BUILD/LPC1768/ARMC6/mbed-os/drivers/source/BufferedSerial.o
    0x00002ede   0x00000008   Code   RO        22870    .text._ZN4mbed14BufferedSerial12set_blockingEb  BUILD/LPC1768/ARMC6/mbed-os/drivers/source/BufferedSerial.o
    0x00002ee6   0x0000001c   Code   RO        22842    .text._ZN4mbed14BufferedSerial13enable_outputEb  BUILD/LPC1768/ARMC6/mbed-os/drivers/source/BufferedSerial.o
    0x00002f02   0x00000002   PAD
    0x00002f04   0x00000048   Code   RO        22764    .text._ZN4mbed14BufferedSerial13update_rx_irqEv  BUILD/LPC1768/ARMC6/mbed-os/drivers/source/BufferedSerial.o
    0x00002f4c   0x0000004c   Code   RO        22820    .text._ZN4mbed14BufferedSerial13update_tx_irqEv  BUILD/LPC1768/ARMC6/mbed-os/drivers/source/BufferedSerial.o
    0x00002f98   0x00000014   Code   RO        22834    .text._ZN4mbed14BufferedSerial14disable_rx_irqEv  BUILD/LPC1768/ARMC6/mbed-os/drivers/source/BufferedSerial.o
    0x00002fac   0x00000018   Code   RO        22836    .text._ZN4mbed14BufferedSerial14disable_tx_irqEv  BUILD/LPC1768/ARMC6/mbed-os/drivers/source/BufferedSerial.o
    0x00002fc4   0x00000032   Code   RO        22814    .text._ZN4mbed14BufferedSerial16write_unbufferedEPKcj  BUILD/LPC1768/ARMC6/mbed-os/drivers/source/BufferedSerial.o
    0x00002ff6   0x00000002   PAD
    0x00002ff8   0x00000074   Code   RO        22824    .text._ZN4mbed14BufferedSerial4readEPvj  BUILD/LPC1768/ARMC6/mbed-os/drivers/source/BufferedSerial.o
    0x0000306c   0x00000008   Code   RO        22800    .text._ZN4mbed14BufferedSerial4seekEli  BUILD/LPC1768/ARMC6/mbed-os/drivers/source/BufferedSerial.o
    0x00003074   0x0000002e   Code   RO        22804    .text._ZN4mbed14BufferedSerial4syncEv  BUILD/LPC1768/ARMC6/mbed-os/drivers/source/BufferedSerial.o
    0x000030a2   0x00000004   Code   RO        22792    .text._ZN4mbed14BufferedSerial5closeEv  BUILD/LPC1768/ARMC6/mbed-os/drivers/source/BufferedSerial.o
    0x000030a6   0x00000036   Code   RO        22808    .text._ZN4mbed14BufferedSerial5sigioENS_8CallbackIFvvEEE  BUILD/LPC1768/ARMC6/mbed-os/drivers/source/BufferedSerial.o
    0x000030dc   0x0000009c   Code   RO        22818    .text._ZN4mbed14BufferedSerial5writeEPKvj  BUILD/LPC1768/ARMC6/mbed-os/drivers/source/BufferedSerial.o
    0x00003178   0x00000004   Code   RO        22796    .text._ZN4mbed14BufferedSerial6isattyEv  BUILD/LPC1768/ARMC6/mbed-os/drivers/source/BufferedSerial.o
    0x0000317c   0x0000005c   Code   RO        22832    .text._ZN4mbed14BufferedSerial6rx_irqEv  BUILD/LPC1768/ARMC6/mbed-os/drivers/source/BufferedSerial.o
    0x000031d8   0x00000064   Code   RO        22816    .text._ZN4mbed14BufferedSerial6tx_irqEv  BUILD/LPC1768/ARMC6/mbed-os/drivers/source/BufferedSerial.o
    0x0000323c   0x00000004   Code   RO        22780    .text._ZN4mbed14BufferedSerial8set_baudEi  BUILD/LPC1768/ARMC6/mbed-os/drivers/source/BufferedSerial.o
    0x00003240   0x0000001c   Code   RO        22762    .text._ZN4mbed14BufferedSerialC2E7PinNameS1_i  BUILD/LPC1768/ARMC6/mbed-os/drivers/source/BufferedSerial.o
    0x0000325c   0x0000000e   Code   RO        22772    .text._ZN4mbed14BufferedSerialD0Ev  BUILD/LPC1768/ARMC6/mbed-os/drivers/source/BufferedSerial.o
    0x0000326a   0x00000002   PAD
    0x0000326c   0x00000034   Code   RO        22768    .text._ZN4mbed14BufferedSerialD2Ev  BUILD/LPC1768/ARMC6/mbed-os/drivers/source/BufferedSerial.o
    0x000032a0   0x00000042   Code   RO        22868    .text._ZN4mbed14CircularBufferIcLj256EjE3popERc  BUILD/LPC1768/ARMC6/mbed-os/drivers/source/BufferedSerial.o
    0x000032e2   0x00000046   Code   RO        22866    .text._ZN4mbed14CircularBufferIcLj256EjE4pushERKc  BUILD/LPC1768/ARMC6/mbed-os/drivers/source/BufferedSerial.o
    0x00003328   0x00000006   Code   RO        23510    .text._ZN4mbed15TickerDataClock11set_handlerEPFvjE  BUILD/LPC1768/ARMC6/mbed-os/drivers/source/TimerEvent.o
    0x0000332e   0x00000006   Code   RO        23512    .text._ZN4mbed15TickerDataClock12insert_eventEP14ticker_event_sNSt3__26chrono10time_pointIS0_NS4_8durationIxNS3_5ratioILx1ELx1000000EEEEEEEj  BUILD/LPC1768/ARMC6/mbed-os/drivers/source/TimerEvent.o
    0x00003334   0x0000006c   Code   RO        26668    .text._ZN4mbed16mbed_file_handleEi  BUILD/LPC1768/ARMC6/mbed-os/platform/source/mbed_retarget.o
    0x000033a0   0x0000003c   Code   RO        26648    .text._ZN4mbed17remove_filehandleEPNS_10FileHandleE  BUILD/LPC1768/ARMC6/mbed-os/platform/source/mbed_retarget.o
    0x000033dc   0x0000000c   Code   RO        25903    .text._ZN4mbed19CriticalSectionLockC2Ev  BUILD/LPC1768/ARMC6/mbed-os/platform/source/CriticalSectionLock.o
    0x000033e8   0x0000000c   Code   RO        25905    .text._ZN4mbed19CriticalSectionLockD2Ev  BUILD/LPC1768/ARMC6/mbed-os/platform/source/CriticalSectionLock.o
    0x000033f4   0x00000006   Code   RO        26678    .text._ZN4mbed26mbed_set_unbuffered_streamEPSt6__FILE  BUILD/LPC1768/ARMC6/mbed-os/platform/source/mbed_retarget.o
    0x000033fa   0x00000006   Code   RO        22903    .text._ZN4mbed5BusIn4lockEv  BUILD/LPC1768/ARMC6/mbed-os/drivers/source/BusIn.o
    0x00003400   0x00000030   Code   RO        22901    .text._ZN4mbed5BusIn4modeE7PinMode  BUILD/LPC1768/ARMC6/mbed-os/drivers/source/BusIn.o
    0x00003430   0x00000006   Code   RO        22905    .text._ZN4mbed5BusIn6unlockEv  BUILD/LPC1768/ARMC6/mbed-os/drivers/source/BusIn.o
    0x00003436   0x00000002   PAD
    0x00003438   0x0000009c   Code   RO        22891    .text._ZN4mbed5BusInC2E7PinNameS1_S1_S1_S1_S1_S1_S1_S1_S1_S1_S1_S1_S1_S1_S1_  BUILD/LPC1768/ARMC6/mbed-os/drivers/source/BusIn.o
    0x000034d4   0x0000000e   Code   RO        22897    .text._ZN4mbed5BusInD0Ev  BUILD/LPC1768/ARMC6/mbed-os/drivers/source/BusIn.o
    0x000034e2   0x00000002   PAD
    0x000034e4   0x00000038   Code   RO        22895    .text._ZN4mbed5BusInD2Ev  BUILD/LPC1768/ARMC6/mbed-os/drivers/source/BusIn.o
    0x0000351c   0x00000008   Code   RO        22909    .text._ZN4mbed5BusInixEi  BUILD/LPC1768/ARMC6/mbed-os/drivers/source/BusIn.o
    0x00003524   0x00000016   Code   RO        23485    .text._ZN4mbed5TimerC2Ev  BUILD/LPC1768/ARMC6/mbed-os/drivers/source/Timer.o
    0x0000353a   0x00000014   Code   RO        23259    .text._ZN4mbed6PwmOut15lock_deep_sleepEv  BUILD/LPC1768/ARMC6/mbed-os/drivers/source/PwmOut.o
    0x0000354e   0x00000024   Code   RO        23225    .text._ZN4mbed6PwmOut4initEv  BUILD/LPC1768/ARMC6/mbed-os/drivers/source/PwmOut.o
    0x00003572   0x00000018   Code   RO        23223    .text._ZN4mbed6PwmOutC2E7PinName  BUILD/LPC1768/ARMC6/mbed-os/drivers/source/PwmOut.o
    0x0000358a   0x00000002   Code   RO          192    .text._ZN4mbed6Stream4lockEv  BUILD/LPC1768/ARMC6/4DGL-uLCD-SE/uLCD_4DGL_main.o
    0x0000358c   0x0000003a   Code   RO        26097    .text._ZN4mbed6Stream4readEPvj  BUILD/LPC1768/ARMC6/mbed-os/platform/source/Stream.o
    0x000035c6   0x00000004   Code   RO        26099    .text._ZN4mbed6Stream4seekEli  BUILD/LPC1768/ARMC6/mbed-os/platform/source/Stream.o
    0x000035ca   0x00000004   Code   RO        26109    .text._ZN4mbed6Stream4sizeEv  BUILD/LPC1768/ARMC6/mbed-os/platform/source/Stream.o
    0x000035ce   0x00000004   Code   RO        26107    .text._ZN4mbed6Stream4syncEv  BUILD/LPC1768/ARMC6/mbed-os/platform/source/Stream.o
    0x000035d2   0x00000004   Code   RO        26101    .text._ZN4mbed6Stream4tellEv  BUILD/LPC1768/ARMC6/mbed-os/platform/source/Stream.o
    0x000035d6   0x00000004   Code   RO        26093    .text._ZN4mbed6Stream5closeEv  BUILD/LPC1768/ARMC6/mbed-os/platform/source/Stream.o
    0x000035da   0x0000003a   Code   RO        26095    .text._ZN4mbed6Stream5writeEPKvj  BUILD/LPC1768/ARMC6/mbed-os/platform/source/Stream.o
    0x00003614   0x00000004   Code   RO        26105    .text._ZN4mbed6Stream6isattyEv  BUILD/LPC1768/ARMC6/mbed-os/platform/source/Stream.o
    0x00003618   0x00000030   Code   RO        26111    .text._ZN4mbed6Stream6printfEPKcz  BUILD/LPC1768/ARMC6/mbed-os/platform/source/Stream.o
    0x00003648   0x00000002   Code   RO        26103    .text._ZN4mbed6Stream6rewindEv  BUILD/LPC1768/ARMC6/mbed-os/platform/source/Stream.o
    0x0000364a   0x00000002   Code   RO          194    .text._ZN4mbed6Stream6unlockEv  BUILD/LPC1768/ARMC6/4DGL-uLCD-SE/uLCD_4DGL_main.o
    0x0000364c   0x00000048   Code   RO        26075    .text._ZN4mbed6StreamC2EPKc  BUILD/LPC1768/ARMC6/mbed-os/platform/source/Stream.o
    0x00003694   0x00000002   Code   RO        26081    .text._ZN4mbed6StreamD0Ev  BUILD/LPC1768/ARMC6/mbed-os/platform/source/Stream.o
    0x00003696   0x00000002   PAD
    0x00003698   0x00000028   Code   RO        26077    .text._ZN4mbed6StreamD2Ev  BUILD/LPC1768/ARMC6/mbed-os/platform/source/Stream.o
    0x000036c0   0x00000020   Code   RO        23429    .text._ZN4mbed6TickerC2Ev  BUILD/LPC1768/ARMC6/mbed-os/drivers/source/Ticker.o
    0x000036e0   0x00000040   Code   RO        26680    .text._ZN4mbed6fdopenEPNS_10FileHandleEPKc  BUILD/LPC1768/ARMC6/mbed-os/platform/source/mbed_retarget.o
    0x00003720   0x00000004   Code   RO        22882    .text._ZN4mbed8CallbackIFvvEE11target_callIZNS2_C1IPNS_14BufferedSerialEMS5_FvvELi0EEET_T0_EUlvE_EEvPKNS_6detail12CallbackBaseE  BUILD/LPC1768/ARMC6/mbed-os/drivers/source/BufferedSerial.o
    0x00003724   0x0000007c   Code   RO        25937    .text._ZN4mbed8FileBase6lookupEPKcj  BUILD/LPC1768/ARMC6/mbed-os/platform/source/FileBase.o
    0x000037a0   0x00000048   Code   RO        25927    .text._ZN4mbed8FileBaseC2EPKcNS_8PathTypeE  BUILD/LPC1768/ARMC6/mbed-os/platform/source/FileBase.o
    0x000037e8   0x0000000e   Code   RO        25933    .text._ZN4mbed8FileBaseD0Ev  BUILD/LPC1768/ARMC6/mbed-os/platform/source/FileBase.o
    0x000037f6   0x00000002   PAD
    0x000037f8   0x00000058   Code   RO        25929    .text._ZN4mbed8FileBaseD2Ev  BUILD/LPC1768/ARMC6/mbed-os/platform/source/FileBase.o
    0x00003850   0x0000002c   Code   RO        26133    .text._ZN4mbed8FileLikeC2EPKc  BUILD/LPC1768/ARMC6/mbed-os/platform/source/Stream.o
    0x0000387c   0x00000002   Code   RO        26137    .text._ZN4mbed8FileLikeD0Ev  BUILD/LPC1768/ARMC6/mbed-os/platform/source/Stream.o
    0x0000387e   0x0000000e   Code   RO        26135    .text._ZN4mbed8FileLikeD2Ev  BUILD/LPC1768/ARMC6/mbed-os/platform/source/Stream.o
    0x0000388c   0x00000018   Code   RO        25968    .text._ZN4mbed8FilePath10fileSystemEv  BUILD/LPC1768/ARMC6/mbed-os/platform/source/FilePath.o
    0x000038a4   0x00000018   Code   RO        25966    .text._ZN4mbed8FilePath12isFileSystemEv  BUILD/LPC1768/ARMC6/mbed-os/platform/source/FilePath.o
    0x000038bc   0x00000018   Code   RO        25972    .text._ZN4mbed8FilePath4fileEv  BUILD/LPC1768/ARMC6/mbed-os/platform/source/FilePath.o
    0x000038d4   0x0000000a   Code   RO        25974    .text._ZN4mbed8FilePath6existsEv  BUILD/LPC1768/ARMC6/mbed-os/platform/source/FilePath.o
    0x000038de   0x00000016   Code   RO        25970    .text._ZN4mbed8FilePath6isFileEv  BUILD/LPC1768/ARMC6/mbed-os/platform/source/FilePath.o
    0x000038f4   0x0000003c   Code   RO        25962    .text._ZN4mbed8FilePathC2EPKc  BUILD/LPC1768/ARMC6/mbed-os/platform/source/FilePath.o
    0x00003930   0x00000006   Code   RO          294    .text._ZN4mbed9AnalogOut4lockEv  BUILD/LPC1768/ARMC6/hardware.o
    0x00003936   0x00000006   Code   RO          296    .text._ZN4mbed9AnalogOut6unlockEv  BUILD/LPC1768/ARMC6/hardware.o
    0x0000393c   0x0000001a   Code   RO        22754    .text._ZN4mbed9AnalogOut9write_u16Et  BUILD/LPC1768/ARMC6/mbed-os/drivers/source/AnalogOut.o
    0x00003956   0x00000002   PAD
    0x00003958   0x00000024   Code   RO          288    .text._ZN4mbed9AnalogOutC2E7PinName  BUILD/LPC1768/ARMC6/hardware.o
    0x0000397c   0x0000000e   Code   RO          292    .text._ZN4mbed9AnalogOutD0Ev  BUILD/LPC1768/ARMC6/hardware.o
    0x0000398a   0x00000002   PAD
    0x0000398c   0x00000024   Code   RO          290    .text._ZN4mbed9AnalogOutD2Ev  BUILD/LPC1768/ARMC6/hardware.o
    0x000039b0   0x0000001a   Code   RO        23047    .text._ZN4mbed9DigitalIn4modeE7PinMode  BUILD/LPC1768/ARMC6/mbed-os/drivers/source/DigitalIn.o
    0x000039ca   0x00000018   Code   RO          286    .text._ZN4mbed9DigitalInC2E7PinName  BUILD/LPC1768/ARMC6/hardware.o
    0x000039e2   0x00000032   Code   RO        23469    .text._ZN4mbed9TimerBase4stopEv  BUILD/LPC1768/ARMC6/mbed-os/drivers/source/Timer.o
    0x00003a14   0x00000022   Code   RO        23459    .text._ZN4mbed9TimerBase5resetEv  BUILD/LPC1768/ARMC6/mbed-os/drivers/source/Timer.o
    0x00003a36   0x0000002c   Code   RO        23467    .text._ZN4mbed9TimerBase5startEv  BUILD/LPC1768/ARMC6/mbed-os/drivers/source/Timer.o
    0x00003a62   0x0000001e   Code   RO        23457    .text._ZN4mbed9TimerBaseC2EPK13ticker_data_tb  BUILD/LPC1768/ARMC6/mbed-os/drivers/source/Timer.o
    0x00003a80   0x0000002e   Code   RO        23461    .text._ZN4mbed9TimerBaseC2ERKS0_  BUILD/LPC1768/ARMC6/mbed-os/drivers/source/Timer.o
    0x00003aae   0x0000001c   Code   RO        23490    .text._ZN4mbed9TimerBaseC2ERKS0_b  BUILD/LPC1768/ARMC6/mbed-os/drivers/source/Timer.o
    0x00003aca   0x00000014   Code   RO        23465    .text._ZN4mbed9TimerBaseD2Ev  BUILD/LPC1768/ARMC6/mbed-os/drivers/source/Timer.o
    0x00003ade   0x00000012   Code   RO        22888    .text._ZN4mstd4impl6INVOKEIN4mbed14BufferedSerialEFvvERKPS3_JEEENSt3__29enable_ifIXaaaasr3std11is_functionIT0_EE5valuentsr3std10is_base_ofIT_NS8_5decayIT1_E4typeEEE5valuentsr20is_reference_wrapperISF_EE5valueEDTcldsdeclsr3stdE7forwardISD_Efp0_Efp_spclsr3stdE7forwardIT2_Efp1_EEEE4typeEMSB_SA_OSD_DpOSG_  BUILD/LPC1768/ARMC6/mbed-os/drivers/source/BufferedSerial.o
    0x00003af0   0x0000000c   Code   RO        22886    .text._ZN4mstd6invokeIRKMN4mbed14BufferedSerialEFvvEJRKPS2_EEENS_13invoke_resultIT_JDpT0_EE4typeEOSB_DpOSC_  BUILD/LPC1768/ARMC6/mbed-os/drivers/source/BufferedSerial.o
    0x00003afc   0x00000008   Code   RO        27266    .text._ZN4rtos10ThisThread9sleep_forENSt3__26chrono8durationIjNS1_5ratioILx1ELx1000EEEEE  BUILD/LPC1768/ARMC6/mbed-os/rtos/source/ThisThread.o
    0x00003b04   0x00000044   Code   RO        27182    .text._ZN4rtos5Mutex11constructorEPKc  BUILD/LPC1768/ARMC6/mbed-os/rtos/source/Mutex.o
    0x00003b48   0x00000030   Code   RO        27186    .text._ZN4rtos5Mutex4lockEv  BUILD/LPC1768/ARMC6/mbed-os/rtos/source/Mutex.o
    0x00003b78   0x0000002c   Code   RO        27198    .text._ZN4rtos5Mutex6unlockEv  BUILD/LPC1768/ARMC6/mbed-os/rtos/source/Mutex.o
    0x00003ba4   0x0000000e   Code   RO        27180    .text._ZN4rtos5MutexC2Ev  BUILD/LPC1768/ARMC6/mbed-os/rtos/source/Mutex.o
    0x00003bb2   0x0000000e   Code   RO        27202    .text._ZN4rtos5MutexD2Ev  BUILD/LPC1768/ARMC6/mbed-os/rtos/source/Mutex.o
    0x00003bc0   0x00000010   Code   RO          128    .text._ZN9uLCD_4DGL10freeBUFFEREv  BUILD/LPC1768/ARMC6/4DGL-uLCD-SE/uLCD_4DGL_main.o
    0x00003bd0   0x0000005e   Code   RO          130    .text._ZN9uLCD_4DGL12writeCOMMANDEPci  BUILD/LPC1768/ARMC6/4DGL-uLCD-SE/uLCD_4DGL_main.o
    0x00003c2e   0x00000012   Code   RO            6    .text._ZN9uLCD_4DGL13filled_circleEiiii  BUILD/LPC1768/ARMC6/4DGL-uLCD-SE/uLCD_4DGL_Graphics.o
    0x00003c40   0x00000014   Code   RO          126    .text._ZN9uLCD_4DGL13writeBYTEfastEc  BUILD/LPC1768/ARMC6/4DGL-uLCD-SE/uLCD_4DGL_main.o
    0x00003c54   0x00000012   Code   RO           14    .text._ZN9uLCD_4DGL16filled_rectangleEiiiii  BUILD/LPC1768/ARMC6/4DGL-uLCD-SE/uLCD_4DGL_Graphics.o
    0x00003c66   0x00000012   Code   RO          142    .text._ZN9uLCD_4DGL20textbackground_colorEi  BUILD/LPC1768/ARMC6/4DGL-uLCD-SE/uLCD_4DGL_main.o
    0x00003c78   0x0000002c   Code   RO          122    .text._ZN9uLCD_4DGL3clsEv  BUILD/LPC1768/ARMC6/4DGL-uLCD-SE/uLCD_4DGL_main.o
    0x00003ca4   0x000000d8   Code   RO           18    .text._ZN9uLCD_4DGL4BLITEiiiiPi  BUILD/LPC1768/ARMC6/4DGL-uLCD-SE/uLCD_4DGL_Graphics.o
    0x00003d7c   0x00000012   Code   RO           10    .text._ZN9uLCD_4DGL4lineEiiiii  BUILD/LPC1768/ARMC6/4DGL-uLCD-SE/uLCD_4DGL_Graphics.o
    0x00003d8e   0x000000c6   Code   RO          100    .text._ZN9uLCD_4DGL4putcEc  BUILD/LPC1768/ARMC6/4DGL-uLCD-SE/uLCD_4DGL_Text.o
    0x00003e54   0x00000006   Code   RO          190    .text._ZN9uLCD_4DGL5_getcEv  BUILD/LPC1768/ARMC6/4DGL-uLCD-SE/uLCD_4DGL_main.o
    0x00003e5a   0x0000000c   Code   RO          188    .text._ZN9uLCD_4DGL5_putcEi  BUILD/LPC1768/ARMC6/4DGL-uLCD-SE/uLCD_4DGL_main.o
    0x00003e66   0x0000003c   Code   RO           98    .text._ZN9uLCD_4DGL5colorEi  BUILD/LPC1768/ARMC6/4DGL-uLCD-SE/uLCD_4DGL_Text.o
    0x00003ea2   0x00000002   PAD
    0x00003ea4   0x0000003c   Code   RO          120    .text._ZN9uLCD_4DGL5resetEv  BUILD/LPC1768/ARMC6/4DGL-uLCD-SE/uLCD_4DGL_main.o
    0x00003ee0   0x0000002a   Code   RO           96    .text._ZN9uLCD_4DGL6locateEcc  BUILD/LPC1768/ARMC6/4DGL-uLCD-SE/uLCD_4DGL_Text.o
    0x00003f0a   0x00000002   PAD
    0x00003f0c   0x00000064   Code   RO           76    .text._ZN9uLCD_4DGL8set_fontEc  BUILD/LPC1768/ARMC6/4DGL-uLCD-SE/uLCD_4DGL_Text.o
    0x00003f70   0x00000012   Code   RO           12    .text._ZN9uLCD_4DGL9rectangleEiiiii  BUILD/LPC1768/ARMC6/4DGL-uLCD-SE/uLCD_4DGL_Graphics.o
    0x00003f82   0x0000001c   Code   RO          124    .text._ZN9uLCD_4DGL9writeBYTEEc  BUILD/LPC1768/ARMC6/4DGL-uLCD-SE/uLCD_4DGL_main.o
    0x00003f9e   0x00000002   PAD
    0x00003fa0   0x00000080   Code   RO          118    .text._ZN9uLCD_4DGLC2E7PinNameS0_S0_  BUILD/LPC1768/ARMC6/4DGL-uLCD-SE/uLCD_4DGL_main.o
    0x00004020   0x0000000e   Code   RO          174    .text._ZN9uLCD_4DGLD0Ev  BUILD/LPC1768/ARMC6/4DGL-uLCD-SE/uLCD_4DGL_main.o
    0x0000402e   0x00000002   PAD
    0x00004030   0x00000028   Code   RO          172    .text._ZN9uLCD_4DGLD2Ev  BUILD/LPC1768/ARMC6/4DGL-uLCD-SE/uLCD_4DGL_main.o
    0x00004058   0x00000034   Code   RO        26658    .text._ZNK12DirectSerial4pollEs  BUILD/LPC1768/ARMC6/mbed-os/platform/source/mbed_retarget.o
    0x0000408c   0x00000022   Code   RO        22069    .text._ZNK12SingletonPtrIN4rtos5MutexEE3getEv  BUILD/LPC1768/ARMC6/mbed-os/connectivity/netsocket/source/nsapi_dns.o
    0x000040ae   0x00000004   Code   RO          178    .text._ZNK4mbed10FileHandle11is_blockingEv  BUILD/LPC1768/ARMC6/4DGL-uLCD-SE/uLCD_4DGL_main.o
    0x000040b2   0x00000004   Code   RO          184    .text._ZNK4mbed10FileHandle4pollEs  BUILD/LPC1768/ARMC6/4DGL-uLCD-SE/uLCD_4DGL_main.o
    0x000040b6   0x00000010   Code   RO          168    .text._ZNK4mbed10FileHandle8readableEv  BUILD/LPC1768/ARMC6/4DGL-uLCD-SE/uLCD_4DGL_main.o
    0x000040c6   0x00000006   Code   RO        22872    .text._ZNK4mbed14BufferedSerial11is_blockingEv  BUILD/LPC1768/ARMC6/mbed-os/drivers/source/BufferedSerial.o
    0x000040cc   0x00000018   Code   RO        22828    .text._ZNK4mbed14BufferedSerial3hupEv  BUILD/LPC1768/ARMC6/mbed-os/drivers/source/BufferedSerial.o
    0x000040e4   0x0000002a   Code   RO        22810    .text._ZNK4mbed14BufferedSerial4pollEs  BUILD/LPC1768/ARMC6/mbed-os/drivers/source/BufferedSerial.o
    0x0000410e   0x00000024   Code   RO        22864    .text._ZNK4mbed14CircularBufferIcLj256EjE5emptyEv  BUILD/LPC1768/ARMC6/mbed-os/drivers/source/BufferedSerial.o
    0x00004132   0x00000026   Code   RO        23475    .text._ZNK4mbed9TimerBase12elapsed_timeEv  BUILD/LPC1768/ARMC6/mbed-os/drivers/source/Timer.o
    0x00004158   0x0000001a   Code   RO        23479    .text._ZNK4mbed9TimerBase7read_msEv  BUILD/LPC1768/ARMC6/mbed-os/drivers/source/Timer.o
    0x00004172   0x00000030   Code   RO        23471    .text._ZNK4mbed9TimerBase9slicetimeEv  BUILD/LPC1768/ARMC6/mbed-os/drivers/source/Timer.o
    0x000041a2   0x0000000c   Code   RO        22840    .text._ZThn104_N4mbed14BufferedSerial12enable_inputEb  BUILD/LPC1768/ARMC6/mbed-os/drivers/source/BufferedSerial.o
    0x000041ae   0x00000008   Code   RO        22878    .text._ZThn104_N4mbed14BufferedSerial12set_blockingEb  BUILD/LPC1768/ARMC6/mbed-os/drivers/source/BufferedSerial.o
    0x000041b6   0x0000000c   Code   RO        22844    .text._ZThn104_N4mbed14BufferedSerial13enable_outputEb  BUILD/LPC1768/ARMC6/mbed-os/drivers/source/BufferedSerial.o
    0x000041c2   0x00000006   Code   RO        22826    .text._ZThn104_N4mbed14BufferedSerial4readEPvj  BUILD/LPC1768/ARMC6/mbed-os/drivers/source/BufferedSerial.o
    0x000041c8   0x00000008   Code   RO        22802    .text._ZThn104_N4mbed14BufferedSerial4seekEli  BUILD/LPC1768/ARMC6/mbed-os/drivers/source/BufferedSerial.o
    0x000041d0   0x0000000c   Code   RO        22806    .text._ZThn104_N4mbed14BufferedSerial4syncEv  BUILD/LPC1768/ARMC6/mbed-os/drivers/source/BufferedSerial.o
    0x000041dc   0x00000004   Code   RO        22794    .text._ZThn104_N4mbed14BufferedSerial5closeEv  BUILD/LPC1768/ARMC6/mbed-os/drivers/source/BufferedSerial.o
    0x000041e0   0x0000000e   Code   RO        22812    .text._ZThn104_N4mbed14BufferedSerial5sigioENS_8CallbackIFvvEEE  BUILD/LPC1768/ARMC6/mbed-os/drivers/source/BufferedSerial.o
    0x000041ee   0x00000006   Code   RO        22822    .text._ZThn104_N4mbed14BufferedSerial5writeEPKvj  BUILD/LPC1768/ARMC6/mbed-os/drivers/source/BufferedSerial.o
    0x000041f4   0x00000004   Code   RO        22798    .text._ZThn104_N4mbed14BufferedSerial6isattyEv  BUILD/LPC1768/ARMC6/mbed-os/drivers/source/BufferedSerial.o
    0x000041f8   0x00000006   Code   RO        22774    .text._ZThn104_N4mbed14BufferedSerialD0Ev  BUILD/LPC1768/ARMC6/mbed-os/drivers/source/BufferedSerial.o
    0x000041fe   0x00000006   Code   RO        22770    .text._ZThn104_N4mbed14BufferedSerialD1Ev  BUILD/LPC1768/ARMC6/mbed-os/drivers/source/BufferedSerial.o
    0x00004204   0x00000006   Code   RO        22880    .text._ZThn104_NK4mbed14BufferedSerial11is_blockingEv  BUILD/LPC1768/ARMC6/mbed-os/drivers/source/BufferedSerial.o
    0x0000420a   0x00000008   Code   RO        22830    .text._ZThn104_NK4mbed14BufferedSerial4pollEs  BUILD/LPC1768/ARMC6/mbed-os/drivers/source/BufferedSerial.o
    0x00004212   0x00000002   Code   RO        26083    .text._ZThn4_N4mbed6StreamD0Ev  BUILD/LPC1768/ARMC6/mbed-os/platform/source/Stream.o
    0x00004214   0x00000006   Code   RO        26079    .text._ZThn4_N4mbed6StreamD1Ev  BUILD/LPC1768/ARMC6/mbed-os/platform/source/Stream.o
    0x0000421a   0x00000002   Code   RO        26141    .text._ZThn4_N4mbed8FileLikeD0Ev  BUILD/LPC1768/ARMC6/mbed-os/platform/source/Stream.o
    0x0000421c   0x00000004   Code   RO        26139    .text._ZThn4_N4mbed8FileLikeD1Ev  BUILD/LPC1768/ARMC6/mbed-os/platform/source/Stream.o
    0x00004220   0x00000006   Code   RO          198    .text._ZThn4_N9uLCD_4DGLD0Ev  BUILD/LPC1768/ARMC6/4DGL-uLCD-SE/uLCD_4DGL_main.o
    0x00004226   0x00000006   Code   RO          196    .text._ZThn4_N9uLCD_4DGLD1Ev  BUILD/LPC1768/ARMC6/4DGL-uLCD-SE/uLCD_4DGL_main.o
    0x0000422c   0x00000008   Code   RO        22884    .text._ZZN4mbed8CallbackIFvvEEC1IPNS_14BufferedSerialEMS4_FvvELi0EEET_T0_ENKUlvE_clEv  BUILD/LPC1768/ARMC6/mbed-os/drivers/source/BufferedSerial.o
    0x00004234   0x00000004   Code   RO        26746    .text._ZdlPv        BUILD/LPC1768/ARMC6/mbed-os/platform/source/mbed_retarget.o
    0x00004238   0x00000020   Code   RO        26798    .text._Znwj         BUILD/LPC1768/ARMC6/mbed-os/platform/source/mbed_retarget.o
    0x00004258   0x0000002e   Code   RO        26788    .text.__cxa_guard_acquire  BUILD/LPC1768/ARMC6/mbed-os/platform/source/mbed_retarget.o
    0x00004286   0x0000000e   Code   RO        26794    .text.__cxa_guard_release  BUILD/LPC1768/ARMC6/mbed-os/platform/source/mbed_retarget.o
    0x00004294   0x00000028   Code   RO        29901    .text.__cxa_pure_virtual  c:\Users\qinxi\AppData\Local\Mbed Studio\mbed-studio-tools\ac6\bin\..\lib\libcxx\libcppabi_w.l(cxa_virtual.cpp.o)
    0x000042bc   0x00000038   Code   RO          970    .text.__rt_entry    BUILD/LPC1768/ARMC6/mbed-os/cmsis/device/rtos/TOOLCHAIN_ARM_STD/mbed_boot_arm_std.o
    0x000042f4   0x0000004c   Code   RO          974    .text.__user_perthread_libspace  BUILD/LPC1768/ARMC6/mbed-os/cmsis/device/rtos/TOOLCHAIN_ARM_STD/mbed_boot_arm_std.o
    0x00004340   0x00000004   Code   RO        26724    .text.__user_setup_stackheap  BUILD/LPC1768/ARMC6/mbed-os/platform/source/mbed_retarget.o
    0x00004344   0x00000026   Code   RO        25596    .text._gpio_init_in  BUILD/LPC1768/ARMC6/mbed-os/hal/source/mbed_gpio.o
    0x0000436a   0x00000036   Code   RO        25602    .text._gpio_init_out  BUILD/LPC1768/ARMC6/mbed-os/hal/source/mbed_gpio.o
    0x000043a0   0x0000002c   Code   RO        26720    .text._mbed_user_setup_stackheap  BUILD/LPC1768/ARMC6/mbed-os/platform/source/mbed_retarget.o
    0x000043cc   0x0000001a   Code   RO          980    .text._mutex_acquire  BUILD/LPC1768/ARMC6/mbed-os/cmsis/device/rtos/TOOLCHAIN_ARM_STD/mbed_boot_arm_std.o
    0x000043e6   0x00000002   PAD
    0x000043e8   0x00000044   Code   RO          984    .text._mutex_free   BUILD/LPC1768/ARMC6/mbed-os/cmsis/device/rtos/TOOLCHAIN_ARM_STD/mbed_boot_arm_std.o
    0x0000442c   0x0000009c   Code   RO          978    .text._mutex_initialize  BUILD/LPC1768/ARMC6/mbed-os/cmsis/device/rtos/TOOLCHAIN_ARM_STD/mbed_boot_arm_std.o
    0x000044c8   0x00000016   Code   RO          982    .text._mutex_release  BUILD/LPC1768/ARMC6/mbed-os/cmsis/device/rtos/TOOLCHAIN_ARM_STD/mbed_boot_arm_std.o
    0x000044de   0x00000004   Code   RO          550    .text._platform_post_stackheap_init  BUILD/LPC1768/ARMC6/mbed-os/cmsis/CMSIS_5/CMSIS/RTOS2/RTX/Source/rtx_lib.o
    0x000044e2   0x00000004   Code   RO        26688    .text._sys_close    BUILD/LPC1768/ARMC6/mbed-os/platform/source/mbed_retarget.o
    0x000044e6   0x00000002   Code   RO        26698    .text._sys_exit     BUILD/LPC1768/ARMC6/mbed-os/platform/source/mbed_retarget.o
    0x000044e8   0x00000026   Code   RO        26718    .text._sys_flen     BUILD/LPC1768/ARMC6/mbed-os/platform/source/mbed_retarget.o
    0x0000450e   0x00000004   Code   RO        26706    .text._sys_istty    BUILD/LPC1768/ARMC6/mbed-os/platform/source/mbed_retarget.o
    0x00004512   0x00000002   PAD
    0x00004514   0x00000084   Code   RO        26682    .text._sys_open     BUILD/LPC1768/ARMC6/mbed-os/platform/source/mbed_retarget.o
    0x00004598   0x00000006   Code   RO        26708    .text._sys_seek     BUILD/LPC1768/ARMC6/mbed-os/platform/source/mbed_retarget.o
    0x0000459e   0x00000002   PAD
    0x000045a0   0x000000c0   Code   RO        26692    .text._sys_write    BUILD/LPC1768/ARMC6/mbed-os/platform/source/mbed_retarget.o
    0x00004660   0x00000014   Code   RO        26700    .text._ttywrch      BUILD/LPC1768/ARMC6/mbed-os/platform/source/mbed_retarget.o
    0x00004674   0x00000004   Code   RO        30161    .text.abort_message  c:\Users\qinxi\AppData\Local\Mbed Studio\mbed-studio-tools\ac6\bin\..\lib\libcxx\libcppabi_w.l(abort_message.cpp.o)
    0x00004678   0x00000034   Code   RO        28987    .text.analogout_init  BUILD/LPC1768/ARMC6/mbed-os/targets/TARGET_NXP/TARGET_LPC176X/analogout_api.o
    0x000046ac   0x00000010   Code   RO        28989    .text.analogout_write_u16  BUILD/LPC1768/ARMC6/mbed-os/targets/TARGET_NXP/TARGET_LPC176X/analogout_api.o
    0x000046bc   0x00000038   Code   RO        26690    .text.close         BUILD/LPC1768/ARMC6/mbed-os/platform/source/mbed_retarget.o
    0x000046f4   0x0000000c   Code   RO        26473    .text.core_util_are_interrupts_enabled  BUILD/LPC1768/ARMC6/mbed-os/platform/source/mbed_critical.o
    0x00004700   0x00000012   Code   RO        26376    .text.core_util_atomic_decr_u16  BUILD/LPC1768/ARMC6/mbed-os/platform/source/mbed_atomic_impl.o
    0x00004712   0x00000010   Code   RO        26362    .text.core_util_atomic_exchange_u8  BUILD/LPC1768/ARMC6/mbed-os/platform/source/mbed_atomic_impl.o
    0x00004722   0x00000014   Code   RO        26360    .text.core_util_atomic_flag_test_and_set  BUILD/LPC1768/ARMC6/mbed-os/platform/source/mbed_atomic_impl.o
    0x00004736   0x00000012   Code   RO        26370    .text.core_util_atomic_incr_u16  BUILD/LPC1768/ARMC6/mbed-os/platform/source/mbed_atomic_impl.o
    0x00004748   0x00000010   Code   RO        26479    .text.core_util_critical_section_enter  BUILD/LPC1768/ARMC6/mbed-os/platform/source/mbed_critical.o
    0x00004758   0x00000018   Code   RO        26481    .text.core_util_critical_section_exit  BUILD/LPC1768/ARMC6/mbed-os/platform/source/mbed_critical.o
    0x00004770   0x00000004   Code   RO        26477    .text.core_util_in_critical_section  BUILD/LPC1768/ARMC6/mbed-os/platform/source/mbed_critical.o
    0x00004774   0x0000000c   Code   RO        26475    .text.core_util_is_isr_active  BUILD/LPC1768/ARMC6/mbed-os/platform/source/mbed_critical.o
    0x00004780   0x0000001c   Code   RO        25687    .text.exact_log2    BUILD/LPC1768/ARMC6/mbed-os/hal/source/mbed_ticker_api.o
    0x0000479c   0x00000034   Code   RO        26764    .text.exit          BUILD/LPC1768/ARMC6/mbed-os/platform/source/mbed_retarget.o
    0x000047d0   0x0000002a   Code   RO        26674    .text.fdopen        BUILD/LPC1768/ARMC6/mbed-os/platform/source/mbed_retarget.o
    0x000047fa   0x00000028   Code   RO        26716    .text.fsync         BUILD/LPC1768/ARMC6/mbed-os/platform/source/mbed_retarget.o
    0x00004822   0x00000002   PAD
    0x00004824   0x00000008   Code   RO        25697    .text.get_us_ticker_data  BUILD/LPC1768/ARMC6/mbed-os/hal/source/mbed_us_ticker_api.o
    0x0000482c   0x0000001e   Code   RO        29095    .text.gpio_dir      BUILD/LPC1768/ARMC6/mbed-os/targets/TARGET_NXP/TARGET_LPC176X/gpio_api.o
    0x0000484a   0x0000002c   Code   RO        29091    .text.gpio_init     BUILD/LPC1768/ARMC6/mbed-os/targets/TARGET_NXP/TARGET_LPC176X/gpio_api.o
    0x00004876   0x00000006   Code   RO        25592    .text.gpio_init_in  BUILD/LPC1768/ARMC6/mbed-os/hal/source/mbed_gpio.o
    0x0000487c   0x00000006   Code   RO        25598    .text.gpio_init_out  BUILD/LPC1768/ARMC6/mbed-os/hal/source/mbed_gpio.o
    0x00004882   0x00000008   Code   RO        25600    .text.gpio_init_out_ex  BUILD/LPC1768/ARMC6/mbed-os/hal/source/mbed_gpio.o
    0x0000488a   0x00000006   Code   RO        29093    .text.gpio_mode     BUILD/LPC1768/ARMC6/mbed-os/targets/TARGET_NXP/TARGET_LPC176X/gpio_api.o
    0x00004890   0x00000016   Code   RO        29089    .text.gpio_set      BUILD/LPC1768/ARMC6/mbed-os/targets/TARGET_NXP/TARGET_LPC176X/gpio_api.o
    0x000048a6   0x00000002   PAD
    0x000048a8   0x00000018   Code   RO        25579    .text.hal_critical_section_enter  BUILD/LPC1768/ARMC6/mbed-os/hal/source/mbed_critical_section_api.o
    0x000048c0   0x00000010   Code   RO        25581    .text.hal_critical_section_exit  BUILD/LPC1768/ARMC6/mbed-os/hal/source/mbed_critical_section_api.o
    0x000048d0   0x0000000e   Code   RO        29300    .text.hal_deepsleep  BUILD/LPC1768/ARMC6/mbed-os/targets/TARGET_NXP/TARGET_LPC176X/sleep.o
    0x000048de   0x00000002   PAD
    0x000048e0   0x0000000c   Code   RO        25583    .text.hal_in_critical_section  BUILD/LPC1768/ARMC6/mbed-os/hal/source/mbed_critical_section_api.o
    0x000048ec   0x00000024   Code   RO        29298    .text.hal_sleep     BUILD/LPC1768/ARMC6/mbed-os/targets/TARGET_NXP/TARGET_LPC176X/sleep.o
    0x00004910   0x00000094   Code   RO        26488    .text.handle_error  BUILD/LPC1768/ARMC6/mbed-os/platform/source/mbed_error.o
    0x000049a4   0x000000e4   Code   RO        25659    .text.initialize    BUILD/LPC1768/ARMC6/mbed-os/hal/source/mbed_ticker_api.o
    0x00004a88   0x00000050   Code   RO        25669    .text.insert_event  BUILD/LPC1768/ARMC6/mbed-os/hal/source/mbed_ticker_api.o
    0x00004ad8   0x00000028   Code   RO        26676    .text.isatty        BUILD/LPC1768/ARMC6/mbed-os/platform/source/mbed_retarget.o
    0x00004b00   0x0000002a   Code   RO        26710    .text.lseek         BUILD/LPC1768/ARMC6/mbed-os/platform/source/mbed_retarget.o
    0x00004b2a   0x00000002   PAD
    0x00004b2c   0x000001a8   Code   RO          332    .text.main          BUILD/LPC1768/ARMC6/main.o
    0x00004cd4   0x00000006   Code   RO        26462    .text.mbed_die      BUILD/LPC1768/ARMC6/mbed-os/platform/source/mbed_board.o
    0x00004cda   0x00000002   PAD
    0x00004cdc   0x00000020   Code   RO        26508    .text.mbed_error    BUILD/LPC1768/ARMC6/mbed-os/platform/source/mbed_error.o
    0x00004cfc   0x00000018   Code   RO        26464    .text.mbed_error_printf  BUILD/LPC1768/ARMC6/mbed-os/platform/source/mbed_board.o
    0x00004d14   0x0000004c   Code   RO        26468    .text.mbed_error_puts  BUILD/LPC1768/ARMC6/mbed-os/platform/source/mbed_board.o
    0x00004d60   0x00000034   Code   RO        26466    .text.mbed_error_vprintf  BUILD/LPC1768/ARMC6/mbed-os/platform/source/mbed_board.o
    0x00004d94   0x000000f4   Code   RO        26338    .text.mbed_fault_handler  BUILD/LPC1768/ARMC6/mbed-os/platform/source/TARGET_CORTEX_M/mbed_fault_handler.o
    0x00004e88   0x0000000c   Code   RO        26504    .text.mbed_get_error_in_progress  BUILD/LPC1768/ARMC6/mbed-os/platform/source/mbed_error.o
    0x00004e94   0x00000030   Code   RO        26490    .text.mbed_halt_system  BUILD/LPC1768/ARMC6/mbed-os/platform/source/mbed_error.o
    0x00004ec4   0x00000038   Code   RO          992    .text.mbed_init     BUILD/LPC1768/ARMC6/mbed-os/cmsis/device/rtos/source/mbed_boot.o
    0x00004efc   0x00000004   Code   RO        26532    .text.mbed_interface_connected  BUILD/LPC1768/ARMC6/mbed-os/platform/source/mbed_interface.o
    0x00004f00   0x00000022   Code   RO        26538    .text.mbed_interface_disconnect  BUILD/LPC1768/ARMC6/mbed-os/platform/source/mbed_interface.o
    0x00004f22   0x000002a6   Code   RO        27075    .text.mbed_minimal_formatted_string  BUILD/LPC1768/ARMC6/mbed-os/platform/source/minimal-printf/mbed_printf_implementation.o
    0x000051c8   0x0000012c   Code   RO        27079    .text.mbed_minimal_formatted_string_integer  BUILD/LPC1768/ARMC6/mbed-os/platform/source/minimal-printf/mbed_printf_implementation.o
    0x000052f4   0x0000003c   Code   RO        27081    .text.mbed_minimal_putchar  BUILD/LPC1768/ARMC6/mbed-os/platform/source/minimal-printf/mbed_printf_implementation.o
    0x00005330   0x0000005c   Code   RO        25714    .text.mbed_mpu_init  BUILD/LPC1768/ARMC6/mbed-os/hal/source/mpu/mbed_mpu_v7m.o
    0x0000538c   0x00000004   Code   RO         1008    .text.mbed_rtos_init  BUILD/LPC1768/ARMC6/mbed-os/cmsis/device/rtos/source/mbed_rtos_rtx.o
    0x00005390   0x00000024   Code   RO         1012    .text.mbed_rtos_init_singleton_mutex  BUILD/LPC1768/ARMC6/mbed-os/cmsis/device/rtos/source/mbed_rtos_rtx.o
    0x000053b4   0x00000068   Code   RO         1010    .text.mbed_rtos_start  BUILD/LPC1768/ARMC6/mbed-os/cmsis/device/rtos/source/mbed_rtos_rtx.o
    0x0000541c   0x0000001e   Code   RO          996    .text.mbed_start    BUILD/LPC1768/ARMC6/mbed-os/cmsis/device/rtos/source/mbed_boot.o
    0x0000543a   0x00000002   PAD
    0x0000543c   0x00000018   Code   RO          972    .text.mbed_toolchain_init  BUILD/LPC1768/ARMC6/mbed-os/cmsis/device/rtos/TOOLCHAIN_ARM_STD/mbed_boot_arm_std.o
    0x00005454   0x0000000c   Code   RO        25705    .text.note_us_ticker_free  BUILD/LPC1768/ARMC6/mbed-os/hal/source/mbed_us_ticker_api.o
    0x00005460   0x00000014   Code   RO        25703    .text.note_us_ticker_init  BUILD/LPC1768/ARMC6/mbed-os/hal/source/mbed_us_ticker_api.o
    0x00005474   0x00000084   Code   RO        26684    .text.open          BUILD/LPC1768/ARMC6/mbed-os/platform/source/mbed_retarget.o
    0x000054f8   0x00000030   Code   RO          402    .text.osDelay       BUILD/LPC1768/ARMC6/mbed-os/cmsis/CMSIS_5/CMSIS/RTOS2/RTX/Source/rtx_delay.o
    0x00005528   0x00000030   Code   RO          490    .text.osKernelGetState  BUILD/LPC1768/ARMC6/mbed-os/cmsis/CMSIS_5/CMSIS/RTOS2/RTX/Source/rtx_kernel.o
    0x00005558   0x0000002c   Code   RO          484    .text.osKernelInitialize  BUILD/LPC1768/ARMC6/mbed-os/cmsis/CMSIS_5/CMSIS/RTOS2/RTX/Source/rtx_kernel.o
    0x00005584   0x00000028   Code   RO          494    .text.osKernelStart  BUILD/LPC1768/ARMC6/mbed-os/cmsis/CMSIS_5/CMSIS/RTOS2/RTX/Source/rtx_kernel.o
    0x000055ac   0x00000070   Code   RO          633    .text.osMessageQueueGet  BUILD/LPC1768/ARMC6/mbed-os/cmsis/CMSIS_5/CMSIS/RTOS2/RTX/Source/rtx_msgqueue.o
    0x0000561c   0x0000007c   Code   RO          631    .text.osMessageQueuePut  BUILD/LPC1768/ARMC6/mbed-os/cmsis/CMSIS_5/CMSIS/RTOS2/RTX/Source/rtx_msgqueue.o
    0x00005698   0x0000002c   Code   RO          687    .text.osMutexAcquire  BUILD/LPC1768/ARMC6/mbed-os/cmsis/CMSIS_5/CMSIS/RTOS2/RTX/Source/rtx_mutex.o
    0x000056c4   0x0000002c   Code   RO          693    .text.osMutexDelete  BUILD/LPC1768/ARMC6/mbed-os/cmsis/CMSIS_5/CMSIS/RTOS2/RTX/Source/rtx_mutex.o
    0x000056f0   0x00000034   Code   RO          683    .text.osMutexNew    BUILD/LPC1768/ARMC6/mbed-os/cmsis/CMSIS_5/CMSIS/RTOS2/RTX/Source/rtx_mutex.o
    0x00005724   0x0000002c   Code   RO          689    .text.osMutexRelease  BUILD/LPC1768/ARMC6/mbed-os/cmsis/CMSIS_5/CMSIS/RTOS2/RTX/Source/rtx_mutex.o
    0x00005750   0x00000050   Code   RO         1027    .text.osRtxErrorNotify  BUILD/LPC1768/ARMC6/mbed-os/cmsis/device/rtos/source/mbed_rtx_handlers.o
    0x000057a0   0x00000004   Code   RO         1025    .text.osRtxIdleThread  BUILD/LPC1768/ARMC6/mbed-os/cmsis/device/rtos/source/mbed_rtx_handlers.o
    0x000057a4   0x00000016   Code   RO          482    .text.osRtxKernelErrorNotify  BUILD/LPC1768/ARMC6/mbed-os/cmsis/CMSIS_5/CMSIS/RTOS2/RTX/Source/rtx_kernel.o
    0x000057ba   0x0000006c   Code   RO          569    .text.osRtxMemoryAlloc  BUILD/LPC1768/ARMC6/mbed-os/cmsis/CMSIS_5/CMSIS/RTOS2/RTX/Source/rtx_memory.o
    0x00005826   0x00000042   Code   RO          571    .text.osRtxMemoryFree  BUILD/LPC1768/ARMC6/mbed-os/cmsis/CMSIS_5/CMSIS/RTOS2/RTX/Source/rtx_memory.o
    0x00005868   0x00000036   Code   RO          567    .text.osRtxMemoryInit  BUILD/LPC1768/ARMC6/mbed-os/cmsis/CMSIS_5/CMSIS/RTOS2/RTX/Source/rtx_memory.o
    0x0000589e   0x0000003a   Code   RO          577    .text.osRtxMemoryPoolAlloc  BUILD/LPC1768/ARMC6/mbed-os/cmsis/CMSIS_5/CMSIS/RTOS2/RTX/Source/rtx_mempool.o
    0x000058d8   0x0000004a   Code   RO          579    .text.osRtxMemoryPoolFree  BUILD/LPC1768/ARMC6/mbed-os/cmsis/CMSIS_5/CMSIS/RTOS2/RTX/Source/rtx_mempool.o
    0x00005922   0x00000038   Code   RO          575    .text.osRtxMemoryPoolInit  BUILD/LPC1768/ARMC6/mbed-os/cmsis/CMSIS_5/CMSIS/RTOS2/RTX/Source/rtx_mempool.o
    0x0000595a   0x000000aa   Code   RO          655    .text.osRtxMessageQueuePostProcess  BUILD/LPC1768/ARMC6/mbed-os/cmsis/CMSIS_5/CMSIS/RTOS2/RTX/Source/rtx_msgqueue.o
    0x00005a04   0x00000024   Code   RO          623    .text.osRtxMessageQueueTimerSetup  BUILD/LPC1768/ARMC6/mbed-os/cmsis/CMSIS_5/CMSIS/RTOS2/RTX/Source/rtx_msgqueue.o
    0x00005a28   0x00000048   Code   RO          679    .text.osRtxMutexOwnerRelease  BUILD/LPC1768/ARMC6/mbed-os/cmsis/CMSIS_5/CMSIS/RTOS2/RTX/Source/rtx_mutex.o
    0x00005a70   0x00000048   Code   RO          681    .text.osRtxMutexOwnerRestore  BUILD/LPC1768/ARMC6/mbed-os/cmsis/CMSIS_5/CMSIS/RTOS2/RTX/Source/rtx_mutex.o
    0x00005ab8   0x00000088   Code   RO          751    .text.osRtxPendSV_Handler  BUILD/LPC1768/ARMC6/mbed-os/cmsis/CMSIS_5/CMSIS/RTOS2/RTX/Source/rtx_system.o
    0x00005b40   0x00000070   Code   RO          753    .text.osRtxPostProcess  BUILD/LPC1768/ARMC6/mbed-os/cmsis/CMSIS_5/CMSIS/RTOS2/RTX/Source/rtx_system.o
    0x00005bb0   0x00000034   Code   RO          777    .text.osRtxThreadBlock  BUILD/LPC1768/ARMC6/mbed-os/cmsis/CMSIS_5/CMSIS/RTOS2/RTX/Source/rtx_thread.o
    0x00005be4   0x0000007c   Code   RO          785    .text.osRtxThreadDelayInsert  BUILD/LPC1768/ARMC6/mbed-os/cmsis/CMSIS_5/CMSIS/RTOS2/RTX/Source/rtx_thread.o
    0x00005c60   0x0000003c   Code   RO          781    .text.osRtxThreadDelayRemove  BUILD/LPC1768/ARMC6/mbed-os/cmsis/CMSIS_5/CMSIS/RTOS2/RTX/Source/rtx_thread.o
    0x00005c9c   0x00000048   Code   RO          767    .text.osRtxThreadDelayTick  BUILD/LPC1768/ARMC6/mbed-os/cmsis/CMSIS_5/CMSIS/RTOS2/RTX/Source/rtx_thread.o
    0x00005ce4   0x00000020   Code   RO          869    .text.osRtxThreadDestroy  BUILD/LPC1768/ARMC6/mbed-os/cmsis/CMSIS_5/CMSIS/RTOS2/RTX/Source/rtx_thread.o
    0x00005d04   0x00000050   Code   RO          775    .text.osRtxThreadDispatch  BUILD/LPC1768/ARMC6/mbed-os/cmsis/CMSIS_5/CMSIS/RTOS2/RTX/Source/rtx_thread.o
    0x00005d54   0x00000058   Code   RO          861    .text.osRtxThreadFree  BUILD/LPC1768/ARMC6/mbed-os/cmsis/CMSIS_5/CMSIS/RTOS2/RTX/Source/rtx_thread.o
    0x00005dac   0x0000001e   Code   RO          867    .text.osRtxThreadJoinWakeup  BUILD/LPC1768/ARMC6/mbed-os/cmsis/CMSIS_5/CMSIS/RTOS2/RTX/Source/rtx_thread.o
    0x00005dca   0x00000012   Code   RO          759    .text.osRtxThreadListGet  BUILD/LPC1768/ARMC6/mbed-os/cmsis/CMSIS_5/CMSIS/RTOS2/RTX/Source/rtx_thread.o
    0x00005ddc   0x0000002c   Code   RO          757    .text.osRtxThreadListPut  BUILD/LPC1768/ARMC6/mbed-os/cmsis/CMSIS_5/CMSIS/RTOS2/RTX/Source/rtx_thread.o
    0x00005e08   0x00000014   Code   RO          763    .text.osRtxThreadListRemove  BUILD/LPC1768/ARMC6/mbed-os/cmsis/CMSIS_5/CMSIS/RTOS2/RTX/Source/rtx_thread.o
    0x00005e1c   0x0000000c   Code   RO          769    .text.osRtxThreadListRoot  BUILD/LPC1768/ARMC6/mbed-os/cmsis/CMSIS_5/CMSIS/RTOS2/RTX/Source/rtx_thread.o
    0x00005e28   0x00000026   Code   RO          761    .text.osRtxThreadListSort  BUILD/LPC1768/ARMC6/mbed-os/cmsis/CMSIS_5/CMSIS/RTOS2/RTX/Source/rtx_thread.o
    0x00005e4e   0x00000020   Code   RO          835    .text.osRtxThreadPostProcess  BUILD/LPC1768/ARMC6/mbed-os/cmsis/CMSIS_5/CMSIS/RTOS2/RTX/Source/rtx_thread.o
    0x00005e6e   0x00000002   PAD
    0x00005e70   0x00000014   Code   RO          765    .text.osRtxThreadReadyPut  BUILD/LPC1768/ARMC6/mbed-os/cmsis/CMSIS_5/CMSIS/RTOS2/RTX/Source/rtx_thread.o
    0x00005e84   0x00000038   Code   RO          787    .text.osRtxThreadStartup  BUILD/LPC1768/ARMC6/mbed-os/cmsis/CMSIS_5/CMSIS/RTOS2/RTX/Source/rtx_thread.o
    0x00005ebc   0x0000000c   Code   RO          773    .text.osRtxThreadSwitch  BUILD/LPC1768/ARMC6/mbed-os/cmsis/CMSIS_5/CMSIS/RTOS2/RTX/Source/rtx_thread.o
    0x00005ec8   0x0000003c   Code   RO          783    .text.osRtxThreadWaitEnter  BUILD/LPC1768/ARMC6/mbed-os/cmsis/CMSIS_5/CMSIS/RTOS2/RTX/Source/rtx_thread.o
    0x00005f04   0x00000022   Code   RO          779    .text.osRtxThreadWaitExit  BUILD/LPC1768/ARMC6/mbed-os/cmsis/CMSIS_5/CMSIS/RTOS2/RTX/Source/rtx_thread.o
    0x00005f26   0x00000002   PAD
    0x00005f28   0x00000074   Code   RO          749    .text.osRtxTick_Handler  BUILD/LPC1768/ARMC6/mbed-os/cmsis/CMSIS_5/CMSIS/RTOS2/RTX/Source/rtx_system.o
    0x00005f9c   0x00000020   Code   RO          909    .text.osRtxTimerSetup  BUILD/LPC1768/ARMC6/mbed-os/cmsis/CMSIS_5/CMSIS/RTOS2/RTX/Source/rtx_timer.o
    0x00005fbc   0x00000020   Code   RO          913    .text.osRtxTimerThread  BUILD/LPC1768/ARMC6/mbed-os/cmsis/CMSIS_5/CMSIS/RTOS2/RTX/Source/rtx_timer.o
    0x00005fdc   0x00000070   Code   RO          911    .text.osRtxTimerTick  BUILD/LPC1768/ARMC6/mbed-os/cmsis/CMSIS_5/CMSIS/RTOS2/RTX/Source/rtx_timer.o
    0x0000604c   0x0000001c   Code   RO          819    .text.osThreadExit  BUILD/LPC1768/ARMC6/mbed-os/cmsis/CMSIS_5/CMSIS/RTOS2/RTX/Source/rtx_thread.o
    0x00006068   0x00000028   Code   RO          795    .text.osThreadGetId  BUILD/LPC1768/ARMC6/mbed-os/cmsis/CMSIS_5/CMSIS/RTOS2/RTX/Source/rtx_thread.o
    0x00006090   0x00000034   Code   RO          791    .text.osThreadNew   BUILD/LPC1768/ARMC6/mbed-os/cmsis/CMSIS_5/CMSIS/RTOS2/RTX/Source/rtx_thread.o
    0x000060c4   0x00000020   Code   RO          976    .text.os_kernel_is_active  BUILD/LPC1768/ARMC6/mbed-os/cmsis/device/rtos/TOOLCHAIN_ARM_STD/mbed_boot_arm_std.o
    0x000060e4   0x00000024   Code   RO        27077    .text.parse_string_to_integer  BUILD/LPC1768/ARMC6/mbed-os/platform/source/minimal-printf/mbed_printf_implementation.o
    0x00006108   0x00000030   Code   RO        29164    .text.pin_function  BUILD/LPC1768/ARMC6/mbed-os/targets/TARGET_NXP/TARGET_LPC176X/pinmap.o
    0x00006138   0x00000058   Code   RO        29166    .text.pin_mode      BUILD/LPC1768/ARMC6/mbed-os/targets/TARGET_NXP/TARGET_LPC176X/pinmap.o
    0x00006190   0x0000001c   Code   RO        25624    .text.pinmap_find_peripheral  BUILD/LPC1768/ARMC6/mbed-os/hal/source/mbed_pinmap_common.o
    0x000061ac   0x00000024   Code   RO        25622    .text.pinmap_merge  BUILD/LPC1768/ARMC6/mbed-os/hal/source/mbed_pinmap_common.o
    0x000061d0   0x00000024   Code   RO        25626    .text.pinmap_peripheral  BUILD/LPC1768/ARMC6/mbed-os/hal/source/mbed_pinmap_common.o
    0x000061f4   0x00000040   Code   RO        25620    .text.pinmap_pinout  BUILD/LPC1768/ARMC6/mbed-os/hal/source/mbed_pinmap_common.o
    0x00006234   0x0000015c   Code   RO        26340    .text.print_context_info  BUILD/LPC1768/ARMC6/mbed-os/platform/source/TARGET_CORTEX_M/mbed_fault_handler.o
    0x00006390   0x00000088   Code   RO        29184    .text.pwmout_init   BUILD/LPC1768/ARMC6/mbed-os/targets/TARGET_NXP/TARGET_LPC176X/pwmout_api.o
    0x00006418   0x00000038   Code   RO        29196    .text.pwmout_period_us  BUILD/LPC1768/ARMC6/mbed-os/targets/TARGET_NXP/TARGET_LPC176X/pwmout_api.o
    0x00006450   0x00000058   Code   RO        29188    .text.pwmout_write  BUILD/LPC1768/ARMC6/mbed-os/targets/TARGET_NXP/TARGET_LPC176X/pwmout_api.o
    0x000064a8   0x0000000c   Code   RO         1040    .text.rtos_idle_loop  BUILD/LPC1768/ARMC6/mbed-os/cmsis/device/rtos/source/mbed_rtx_idle.o
    0x000064b4   0x000000ca   Code   RO        25665    .text.schedule_interrupt  BUILD/LPC1768/ARMC6/mbed-os/hal/source/mbed_ticker_api.o
    0x0000657e   0x00000002   PAD
    0x00006580   0x00000010   Code   RO        26910    .text.semihost_connected  BUILD/LPC1768/ARMC6/mbed-os/platform/source/mbed_semihost_api.o
    0x00006590   0x0000000e   Code   RO        26912    .text.semihost_disabledebug  BUILD/LPC1768/ARMC6/mbed-os/platform/source/mbed_semihost_api.o
    0x0000659e   0x0000000c   Code   RO        26900    .text.semihost_exit  BUILD/LPC1768/ARMC6/mbed-os/platform/source/mbed_semihost_api.o
    0x000065aa   0x00000002   PAD
    0x000065ac   0x00000190   Code   RO        29237    .text.serial_baud   BUILD/LPC1768/ARMC6/mbed-os/targets/TARGET_NXP/TARGET_LPC176X/serial_api.o
    0x0000673c   0x00000018   Code   RO        29277    .text.serial_flow_irq_set  BUILD/LPC1768/ARMC6/mbed-os/targets/TARGET_NXP/TARGET_LPC176X/serial_api.o
    0x00006754   0x00000010   Code   RO        29243    .text.serial_free   BUILD/LPC1768/ARMC6/mbed-os/targets/TARGET_NXP/TARGET_LPC176X/serial_api.o
    0x00006764   0x00000030   Code   RO        29261    .text.serial_getc   BUILD/LPC1768/ARMC6/mbed-os/targets/TARGET_NXP/TARGET_LPC176X/serial_api.o
    0x00006794   0x00000120   Code   RO        29235    .text.serial_init   BUILD/LPC1768/ARMC6/mbed-os/targets/TARGET_NXP/TARGET_LPC176X/serial_api.o
    0x000068b4   0x0000000a   Code   RO        25737    .text.serial_init_direct  BUILD/LPC1768/ARMC6/mbed-os/hal/source/static_pinmap.o
    0x000068be   0x00000002   PAD
    0x000068c0   0x00000018   Code   RO        29255    .text.serial_irq_handler  BUILD/LPC1768/ARMC6/mbed-os/targets/TARGET_NXP/TARGET_LPC176X/serial_api.o
    0x000068d8   0x00000020   Code   RO        29257    .text.serial_irq_set  BUILD/LPC1768/ARMC6/mbed-os/targets/TARGET_NXP/TARGET_LPC176X/serial_api.o
    0x000068f8   0x000000cc   Code   RO        29259    .text.serial_irq_set_internal  BUILD/LPC1768/ARMC6/mbed-os/targets/TARGET_NXP/TARGET_LPC176X/serial_api.o
    0x000069c4   0x0000002c   Code   RO        29265    .text.serial_putc   BUILD/LPC1768/ARMC6/mbed-os/targets/TARGET_NXP/TARGET_LPC176X/serial_api.o
    0x000069f0   0x0000000a   Code   RO        29263    .text.serial_readable  BUILD/LPC1768/ARMC6/mbed-os/targets/TARGET_NXP/TARGET_LPC176X/serial_api.o
    0x000069fa   0x00000002   PAD
    0x000069fc   0x000000e0   Code   RO        29241    .text.serial_set_flow_control  BUILD/LPC1768/ARMC6/mbed-os/targets/TARGET_NXP/TARGET_LPC176X/serial_api.o
    0x00006adc   0x0000004c   Code   RO        29267    .text.serial_writable  BUILD/LPC1768/ARMC6/mbed-os/targets/TARGET_NXP/TARGET_LPC176X/serial_api.o
    0x00006b28   0x00000024   Code   RO        26633    .text.sleep_manager_lock_deep_sleep_internal  BUILD/LPC1768/ARMC6/mbed-os/platform/source/mbed_power_mgmt.o
    0x00006b4c   0x00000020   Code   RO        26641    .text.sleep_manager_sleep_auto  BUILD/LPC1768/ARMC6/mbed-os/platform/source/mbed_power_mgmt.o
    0x00006b6c   0x00000030   Code   RO        26635    .text.sleep_manager_unlock_deep_sleep_internal  BUILD/LPC1768/ARMC6/mbed-os/platform/source/mbed_power_mgmt.o
    0x00006b9c   0x00000026   Code   RO          406    .text.svcRtxDelay   BUILD/LPC1768/ARMC6/mbed-os/cmsis/CMSIS_5/CMSIS/RTOS2/RTX/Source/rtx_delay.o
    0x00006bc2   0x00000002   PAD
    0x00006bc4   0x00000008   Code   RO          492    .text.svcRtxKernelGetState  BUILD/LPC1768/ARMC6/mbed-os/cmsis/CMSIS_5/CMSIS/RTOS2/RTX/Source/rtx_kernel.o
    0x00006bcc   0x000000f8   Code   RO          522    .text.svcRtxKernelInitialize  BUILD/LPC1768/ARMC6/mbed-os/cmsis/CMSIS_5/CMSIS/RTOS2/RTX/Source/rtx_kernel.o
    0x00006cc4   0x00000098   Code   RO          524    .text.svcRtxKernelStart  BUILD/LPC1768/ARMC6/mbed-os/cmsis/CMSIS_5/CMSIS/RTOS2/RTX/Source/rtx_kernel.o
    0x00006d5c   0x000000d0   Code   RO          667    .text.svcRtxMessageQueueGet  BUILD/LPC1768/ARMC6/mbed-os/cmsis/CMSIS_5/CMSIS/RTOS2/RTX/Source/rtx_msgqueue.o
    0x00006e2c   0x00000134   Code   RO          625    .text.svcRtxMessageQueueNew  BUILD/LPC1768/ARMC6/mbed-os/cmsis/CMSIS_5/CMSIS/RTOS2/RTX/Source/rtx_msgqueue.o
    0x00006f60   0x000000bc   Code   RO          663    .text.svcRtxMessageQueuePut  BUILD/LPC1768/ARMC6/mbed-os/cmsis/CMSIS_5/CMSIS/RTOS2/RTX/Source/rtx_msgqueue.o
    0x0000701c   0x000000a0   Code   RO          699    .text.svcRtxMutexAcquire  BUILD/LPC1768/ARMC6/mbed-os/cmsis/CMSIS_5/CMSIS/RTOS2/RTX/Source/rtx_mutex.o
    0x000070bc   0x000000ac   Code   RO          705    .text.svcRtxMutexDelete  BUILD/LPC1768/ARMC6/mbed-os/cmsis/CMSIS_5/CMSIS/RTOS2/RTX/Source/rtx_mutex.o
    0x00007168   0x00000078   Code   RO          695    .text.svcRtxMutexNew  BUILD/LPC1768/ARMC6/mbed-os/cmsis/CMSIS_5/CMSIS/RTOS2/RTX/Source/rtx_mutex.o
    0x000071e0   0x000000c4   Code   RO          701    .text.svcRtxMutexRelease  BUILD/LPC1768/ARMC6/mbed-os/cmsis/CMSIS_5/CMSIS/RTOS2/RTX/Source/rtx_mutex.o
    0x000072a4   0x00000048   Code   RO          865    .text.svcRtxThreadExit  BUILD/LPC1768/ARMC6/mbed-os/cmsis/CMSIS_5/CMSIS/RTOS2/RTX/Source/rtx_thread.o
    0x000072ec   0x0000000c   Code   RO          797    .text.svcRtxThreadGetId  BUILD/LPC1768/ARMC6/mbed-os/cmsis/CMSIS_5/CMSIS/RTOS2/RTX/Source/rtx_thread.o
    0x000072f8   0x00000210   Code   RO          789    .text.svcRtxThreadNew  BUILD/LPC1768/ARMC6/mbed-os/cmsis/CMSIS_5/CMSIS/RTOS2/RTX/Source/rtx_thread.o
    0x00007508   0x00000004   Code   RO        26930    .text.thread_sleep_for  BUILD/LPC1768/ARMC6/mbed-os/platform/source/mbed_thread.o
    0x0000750c   0x00000024   Code   RO        25671    .text.ticker_insert_event_us  BUILD/LPC1768/ARMC6/mbed-os/hal/source/mbed_ticker_api.o
    0x00007530   0x0000005e   Code   RO        25661    .text.ticker_irq_handler  BUILD/LPC1768/ARMC6/mbed-os/hal/source/mbed_ticker_api.o
    0x0000758e   0x00000008   Code   RO        25675    .text.ticker_read   BUILD/LPC1768/ARMC6/mbed-os/hal/source/mbed_ticker_api.o
    0x00007596   0x00000020   Code   RO        25677    .text.ticker_read_us  BUILD/LPC1768/ARMC6/mbed-os/hal/source/mbed_ticker_api.o
    0x000075b6   0x0000001a   Code   RO        25657    .text.ticker_set_handler  BUILD/LPC1768/ARMC6/mbed-os/hal/source/mbed_ticker_api.o
    0x000075d0   0x0000000c   Code   RO        29245    .text.uart0_irq     BUILD/LPC1768/ARMC6/mbed-os/targets/TARGET_NXP/TARGET_LPC176X/serial_api.o
    0x000075dc   0x0000000c   Code   RO        29249    .text.uart1_irq     BUILD/LPC1768/ARMC6/mbed-os/targets/TARGET_NXP/TARGET_LPC176X/serial_api.o
    0x000075e8   0x0000000c   Code   RO        29251    .text.uart2_irq     BUILD/LPC1768/ARMC6/mbed-os/targets/TARGET_NXP/TARGET_LPC176X/serial_api.o
    0x000075f4   0x0000000c   Code   RO        29253    .text.uart3_irq     BUILD/LPC1768/ARMC6/mbed-os/targets/TARGET_NXP/TARGET_LPC176X/serial_api.o
    0x00007600   0x00000060   Code   RO        29247    .text.uart_irq      BUILD/LPC1768/ARMC6/mbed-os/targets/TARGET_NXP/TARGET_LPC176X/serial_api.o
    0x00007660   0x0000007c   Code   RO        25663    .text.update_present_time  BUILD/LPC1768/ARMC6/mbed-os/hal/source/mbed_ticker_api.o
    0x000076dc   0x0000000c   Code   RO        29358    .text.us_ticker_clear_interrupt  BUILD/LPC1768/ARMC6/mbed-os/targets/TARGET_NXP/TARGET_LPC176X/us_ticker.o
    0x000076e8   0x0000000c   Code   RO        29350    .text.us_ticker_disable_interrupt  BUILD/LPC1768/ARMC6/mbed-os/targets/TARGET_NXP/TARGET_LPC176X/us_ticker.o
    0x000076f4   0x0000000c   Code   RO        29356    .text.us_ticker_fire_interrupt  BUILD/LPC1768/ARMC6/mbed-os/targets/TARGET_NXP/TARGET_LPC176X/us_ticker.o
    0x00007700   0x00000024   Code   RO        29360    .text.us_ticker_free  BUILD/LPC1768/ARMC6/mbed-os/targets/TARGET_NXP/TARGET_LPC176X/us_ticker.o
    0x00007724   0x00000008   Code   RO        29346    .text.us_ticker_get_info  BUILD/LPC1768/ARMC6/mbed-os/targets/TARGET_NXP/TARGET_LPC176X/us_ticker.o
    0x0000772c   0x0000006c   Code   RO        29348    .text.us_ticker_init  BUILD/LPC1768/ARMC6/mbed-os/targets/TARGET_NXP/TARGET_LPC176X/us_ticker.o
    0x00007798   0x00000014   Code   RO        25701    .text.us_ticker_irq_handler  BUILD/LPC1768/ARMC6/mbed-os/hal/source/mbed_us_ticker_api.o
    0x000077ac   0x0000000c   Code   RO        29352    .text.us_ticker_read  BUILD/LPC1768/ARMC6/mbed-os/targets/TARGET_NXP/TARGET_LPC176X/us_ticker.o
    0x000077b8   0x00000014   Code   RO        29354    .text.us_ticker_set_interrupt  BUILD/LPC1768/ARMC6/mbed-os/targets/TARGET_NXP/TARGET_LPC176X/us_ticker.o
    0x000077cc   0x0000001e   Code   RO        26936    .text.wait_us       BUILD/LPC1768/ARMC6/mbed-os/platform/source/mbed_wait_api_no_rtos.o
    0x000077ea   0x0000002a   Code   RO        26696    .text.write         BUILD/LPC1768/ARMC6/mbed-os/platform/source/mbed_retarget.o
    0x00007814   0x0000001a   Code   RO        29644    i.fputc             c:\Users\qinxi\AppData\Local\Mbed Studio\mbed-studio-tools\ac6\bin\..\lib\armlib\c_w.l(fputc.o)
    0x0000782e   0x00000054   Code   RO        29789    x$fpl$fcmp          c:\Users\qinxi\AppData\Local\Mbed Studio\mbed-studio-tools\ac6\bin\..\lib\armlib\fz_ws.l(fcmp.o)
    0x00007882   0x00000018   Code   RO        30521    x$fpl$fcmpinf       c:\Users\qinxi\AppData\Local\Mbed Studio\mbed-studio-tools\ac6\bin\..\lib\armlib\fz_ws.l(fcmpi.o)
    0x0000789a   0x00000002   PAD
    0x0000789c   0x00000068   Code   RO        30092    x$fpl$feqf          c:\Users\qinxi\AppData\Local\Mbed Studio\mbed-studio-tools\ac6\bin\..\lib\armlib\fz_ws.l(feqf.o)
    0x00007904   0x0000003e   Code   RO        29799    x$fpl$ffixu         c:\Users\qinxi\AppData\Local\Mbed Studio\mbed-studio-tools\ac6\bin\..\lib\armlib\fz_ws.l(ffixu.o)
    0x00007942   0x00000002   PAD
    0x00007944   0x00000026   Code   RO        29803    x$fpl$ffltu         c:\Users\qinxi\AppData\Local\Mbed Studio\mbed-studio-tools\ac6\bin\..\lib\armlib\fz_ws.l(fflt_clz.o)
    0x0000796a   0x00000002   PAD
    0x0000796c   0x00000068   Code   RO        30094    x$fpl$fgeqf         c:\Users\qinxi\AppData\Local\Mbed Studio\mbed-studio-tools\ac6\bin\..\lib\armlib\fz_ws.l(fgeqf.o)
    0x000079d4   0x00000068   Code   RO        30096    x$fpl$fleqf         c:\Users\qinxi\AppData\Local\Mbed Studio\mbed-studio-tools\ac6\bin\..\lib\armlib\fz_ws.l(fleqf.o)
    0x00007a3c   0x00000102   Code   RO        29811    x$fpl$fmul          c:\Users\qinxi\AppData\Local\Mbed Studio\mbed-studio-tools\ac6\bin\..\lib\armlib\fz_ws.l(fmul.o)
    0x00007b3e   0x0000008c   Code   RO        30098    x$fpl$fnaninf       c:\Users\qinxi\AppData\Local\Mbed Studio\mbed-studio-tools\ac6\bin\..\lib\armlib\fz_ws.l(fnaninf.o)
    0x00007bca   0x0000000a   Code   RO        30100    x$fpl$fretinf       c:\Users\qinxi\AppData\Local\Mbed Studio\mbed-studio-tools\ac6\bin\..\lib\armlib\fz_ws.l(fretinf.o)
    0x00007bd4   0x00000000   Code   RO        30104    x$fpl$usenofp       c:\Users\qinxi\AppData\Local\Mbed Studio\mbed-studio-tools\ac6\bin\..\lib\armlib\fz_ws.l(usenofp.o)
    0x00007bd4   0x000000a8   Data   RO          556    .rodata             BUILD/LPC1768/ARMC6/mbed-os/cmsis/CMSIS_5/CMSIS/RTOS2/RTX/Source/rtx_lib.o
    0x00007c7c   0x00000010   Data   RO         1019    .rodata..L__const.mbed_rtos_init_singleton_mutex.singleton_mutex_attr  BUILD/LPC1768/ARMC6/mbed-os/cmsis/device/rtos/source/mbed_rtos_rtx.o
    0x00007c8c   0x00000014   Data   RO          114    .rodata..Lswitch.table._ZN9uLCD_4DGL8set_fontEc.2  BUILD/LPC1768/ARMC6/4DGL-uLCD-SE/uLCD_4DGL_Text.o
    0x00007ca0   0x00000014   Data   RO          115    .rodata..Lswitch.table._ZN9uLCD_4DGL8set_fontEc.3  BUILD/LPC1768/ARMC6/4DGL-uLCD-SE/uLCD_4DGL_Text.o
    0x00007cb4   0x00000018   Data   RO        29001    .rodata.PinMap_DAC  BUILD/LPC1768/ARMC6/mbed-os/targets/TARGET_NXP/TARGET_LPC176X/analogout_api.o
    0x00007ccc   0x000000b4   Data   RO        29211    .rodata.PinMap_PWM  BUILD/LPC1768/ARMC6/mbed-os/targets/TARGET_NXP/TARGET_LPC176X/pwmout_api.o
    0x00007d80   0x00000024   Data   RO        29294    .rodata.PinMap_UART_CTS  BUILD/LPC1768/ARMC6/mbed-os/targets/TARGET_NXP/TARGET_LPC176X/serial_api.o
    0x00007da4   0x00000024   Data   RO        29293    .rodata.PinMap_UART_RTS  BUILD/LPC1768/ARMC6/mbed-os/targets/TARGET_NXP/TARGET_LPC176X/serial_api.o
    0x00007dc8   0x0000006c   Data   RO        29290    .rodata.PinMap_UART_RX  BUILD/LPC1768/ARMC6/mbed-os/targets/TARGET_NXP/TARGET_LPC176X/serial_api.o
    0x00007e34   0x0000006c   Data   RO        29289    .rodata.PinMap_UART_TX  BUILD/LPC1768/ARMC6/mbed-os/targets/TARGET_NXP/TARGET_LPC176X/serial_api.o
    0x00007ea0   0x000001e4   Data   RO          268    .rodata._ZL15new_piskel_data  BUILD/LPC1768/ARMC6/graphics.o
    0x00008084   0x000001e4   Data   RO          269    .rodata._ZL16new_piskel_data1  BUILD/LPC1768/ARMC6/graphics.o
    0x00008268   0x000001e4   Data   RO          270    .rodata._ZL17new_piskel_data11  BUILD/LPC1768/ARMC6/graphics.o
    0x0000844c   0x00000050   Data   RO        26834    .rodata._ZTV12DirectSerial  BUILD/LPC1768/ARMC6/mbed-os/platform/source/mbed_retarget.o
    0x0000849c   0x00000070   Data   RO          200    .rodata._ZTV9uLCD_4DGL  BUILD/LPC1768/ARMC6/4DGL-uLCD-SE/uLCD_4DGL_main.o
    0x0000850c   0x00000050   Data   RO        25953    .rodata._ZTVN4mbed10FileHandleE  BUILD/LPC1768/ARMC6/mbed-os/platform/source/FileHandle.o
    0x0000855c   0x00000018   Data   RO        23407    .rodata._ZTVN4mbed10SerialBaseE  BUILD/LPC1768/ARMC6/mbed-os/drivers/source/SerialBase.o
    0x00008574   0x0000000c   Data   RO        23439    .rodata._ZTVN4mbed10TickerBaseE  BUILD/LPC1768/ARMC6/mbed-os/drivers/source/Ticker.o
    0x00008580   0x0000000c   Data   RO        23516    .rodata._ZTVN4mbed10TimerEventE  BUILD/LPC1768/ARMC6/mbed-os/drivers/source/TimerEvent.o
    0x0000858c   0x00000098   Data   RO        22862    .rodata._ZTVN4mbed14BufferedSerialE  BUILD/LPC1768/ARMC6/mbed-os/drivers/source/BufferedSerial.o
    0x00008624   0x00000018   Data   RO        22913    .rodata._ZTVN4mbed5BusInE  BUILD/LPC1768/ARMC6/mbed-os/drivers/source/BusIn.o
    0x0000863c   0x00000070   Data   RO        26131    .rodata._ZTVN4mbed6StreamE  BUILD/LPC1768/ARMC6/mbed-os/platform/source/Stream.o
    0x000086ac   0x0000000c   Data   RO        23441    .rodata._ZTVN4mbed6TickerE  BUILD/LPC1768/ARMC6/mbed-os/drivers/source/Ticker.o
    0x000086b8   0x00000010   Data   RO        25947    .rodata._ZTVN4mbed8FileBaseE  BUILD/LPC1768/ARMC6/mbed-os/platform/source/FileBase.o
    0x000086c8   0x00000060   Data   RO        26143    .rodata._ZTVN4mbed8FileLikeE  BUILD/LPC1768/ARMC6/mbed-os/platform/source/Stream.o
    0x00008728   0x00000018   Data   RO          298    .rodata._ZTVN4mbed9AnalogOutE  BUILD/LPC1768/ARMC6/hardware.o
    0x00008740   0x00000018   Data   RO        26841    .rodata._ZZL15default_consolevE14console_pinmap  BUILD/LPC1768/ARMC6/mbed-os/platform/source/mbed_retarget.o
    0x00008758   0x00000008   Data   RO        26830    .rodata.__stderr_name  BUILD/LPC1768/ARMC6/mbed-os/platform/source/mbed_retarget.o
    0x00008760   0x00000007   Data   RO        26828    .rodata.__stdin_name  BUILD/LPC1768/ARMC6/mbed-os/platform/source/mbed_retarget.o
    0x00008767   0x00000008   Data   RO        26829    .rodata.__stdout_name  BUILD/LPC1768/ARMC6/mbed-os/platform/source/mbed_retarget.o
    0x0000876f   0x00000001   PAD
    0x00008770   0x00000004   Data   RO          558    .rodata.osRtxUserSVC  BUILD/LPC1768/ARMC6/mbed-os/cmsis/CMSIS_5/CMSIS/RTOS2/RTX/Source/rtx_lib.o
    0x00008774   0x00000024   Data   RO          553    .rodata.os_idle_thread_attr  BUILD/LPC1768/ARMC6/mbed-os/cmsis/CMSIS_5/CMSIS/RTOS2/RTX/Source/rtx_lib.o
    0x00008798   0x00000018   Data   RO          555    .rodata.os_timer_mq_attr  BUILD/LPC1768/ARMC6/mbed-os/cmsis/CMSIS_5/CMSIS/RTOS2/RTX/Source/rtx_lib.o
    0x000087b0   0x00000024   Data   RO          554    .rodata.os_timer_thread_attr  BUILD/LPC1768/ARMC6/mbed-os/cmsis/CMSIS_5/CMSIS/RTOS2/RTX/Source/rtx_lib.o
    0x000087d4   0x00000108   Data   RO          323    .rodata.str1.1      BUILD/LPC1768/ARMC6/keyboard.o
    0x000088dc   0x0000000b   Data   RO          342    .rodata.str1.1      BUILD/LPC1768/ARMC6/main.o
    0x000088e7   0x00000013   Data   RO          559    .rodata.str1.1      BUILD/LPC1768/ARMC6/mbed-os/cmsis/CMSIS_5/CMSIS/RTOS2/RTX/Source/rtx_lib.o
    0x000088fa   0x00000010   Data   RO         1017    .rodata.str1.1      BUILD/LPC1768/ARMC6/mbed-os/cmsis/device/rtos/source/mbed_rtos_rtx.o
    0x0000890a   0x000000c8   Data   RO        26344    .rodata.str1.1      BUILD/LPC1768/ARMC6/mbed-os/platform/source/TARGET_CORTEX_M/mbed_fault_handler.o
    0x000089d2   0x00000023   Data   RO        29492    .rodata.str1.1      BUILD/LPC1768/ARMC6/menu.o
    0x000089f5   0x00000003   PAD
    0x000089f8   0x0000000b   Data   RO          546    .rodata.str1.4      BUILD/LPC1768/ARMC6/mbed-os/cmsis/CMSIS_5/CMSIS/RTOS2/RTX/Source/rtx_kernel.o
    0x00008a03   0x00000001   PAD
    0x00008a04   0x00000008   Data   RO        25707    .rodata.us_data     BUILD/LPC1768/ARMC6/mbed-os/hal/source/mbed_us_ticker_api.o
    0x00008a0c   0x00000024   Data   RO        25710    .rodata.us_interface  BUILD/LPC1768/ARMC6/mbed-os/hal/source/mbed_us_ticker_api.o
    0x00008a30   0x00000008   Data   RO        29362    .rodata.us_ticker_get_info.info  BUILD/LPC1768/ARMC6/mbed-os/targets/TARGET_NXP/TARGET_LPC176X/us_ticker.o
    0x00008a38   0x00000020   Data   RO        30703    Region$$Table       anon$$obj.o
    0x00008a58   0x00000004   Data   RO          283    .init_array         BUILD/LPC1768/ARMC6/hardware.o
    0x00008a5c   0x00000004   Data   RO          343    .init_array         BUILD/LPC1768/ARMC6/main.o
    0x00008a60   0x00000000   Data   RO        29752    .init_array         c:\Users\qinxi\AppData\Local\Mbed Studio\mbed-studio-tools\ac6\bin\..\lib\armlib\c_w.l(init_aeabi.o)


    Execution Region RW_IRAM1 (Base: 0x100000c8, Size: 0x00002878, Max: 0x00007f18, ABSOLUTE, COMPRESSED[0x000000d8])

    Base Addr    Size         Type   Attr      Idx    E Section Name        Object

    0x100000c8   0x00000004   Data   RW        29668    .data               c:\Users\qinxi\AppData\Local\Mbed Studio\mbed-studio-tools\ac6\bin\..\lib\armlib\c_w.l(stdio_streams.o)
    0x100000cc   0x00000004   Data   RW        29669    .data               c:\Users\qinxi\AppData\Local\Mbed Studio\mbed-studio-tools\ac6\bin\..\lib\armlib\c_w.l(stdio_streams.o)
    0x100000d0   0x00000004   Data   RW        29670    .data               c:\Users\qinxi\AppData\Local\Mbed Studio\mbed-studio-tools\ac6\bin\..\lib\armlib\c_w.l(stdio_streams.o)
    0x100000d4   0x00000004   Data   RW        29999    .data               c:\Users\qinxi\AppData\Local\Mbed Studio\mbed-studio-tools\ac6\bin\..\lib\armlib\c_w.l(streamlock.o)
    0x100000d8   0x0000001c   Data   RW        29210    .data.PWM_MATCH     BUILD/LPC1768/ARMC6/mbed-os/targets/TARGET_NXP/TARGET_LPC176X/pwmout_api.o
    0x100000f4   0x00000004   Data   RW        29086    .data.SystemCoreClock  BUILD/LPC1768/ARMC6/mbed-os/targets/TARGET_NXP/TARGET_LPC176X/device/system_LPC17xx.o
    0x100000f8   0x00000040   Data   RW        26840    .data._ZL11filehandles  BUILD/LPC1768/ARMC6/mbed-os/platform/source/mbed_retarget.o
    0x10000138   0x00000004   Data   RW         1042    .data._ZL14idle_hook_fptr  BUILD/LPC1768/ARMC6/mbed-os/cmsis/device/rtos/source/mbed_rtx_idle.o
    0x1000013c   0x00000190   Data   RW          324    .data.dictionary    BUILD/LPC1768/ARMC6/keyboard.o
    0x100002cc   0x00000004   Data   RW        25708    .data.irq_handler   BUILD/LPC1768/ARMC6/mbed-os/hal/source/mbed_us_ticker_api.o
    0x100002d0   0x0000000c   Data   RW        29493    .data.menu_options  BUILD/LPC1768/ARMC6/menu.o
    0x100002dc   0x000000a4   Data   RW          547    .data.os            BUILD/LPC1768/ARMC6/mbed-os/cmsis/CMSIS_5/CMSIS/RTOS2/RTX/Source/rtx_kernel.o
    0x10000380   0x00000054   Zero   RW        29665    .bss                c:\Users\qinxi\AppData\Local\Mbed Studio\mbed-studio-tools\ac6\bin\..\lib\armlib\c_w.l(stdio_streams.o)
    0x100003d4   0x00000054   Zero   RW        29666    .bss                c:\Users\qinxi\AppData\Local\Mbed Studio\mbed-studio-tools\ac6\bin\..\lib\armlib\c_w.l(stdio_streams.o)
    0x10000428   0x00000054   Zero   RW        29667    .bss                c:\Users\qinxi\AppData\Local\Mbed Studio\mbed-studio-tools\ac6\bin\..\lib\armlib\c_w.l(stdio_streams.o)
    0x1000047c   0x000000e4   Zero   RW        29691    .bss                c:\Users\qinxi\AppData\Local\Mbed Studio\mbed-studio-tools\ac6\bin\..\lib\armlib\c_w.l(rand.o)
    0x10000560   0x00000060   Zero   RW        29923    .bss                c:\Users\qinxi\AppData\Local\Mbed Studio\mbed-studio-tools\ac6\bin\..\lib\armlib\c_w.l(libspace.o)
    0x100005c0   0x00000060   Zero   RW          284    .bss..L_MergedGlobals  BUILD/LPC1768/ARMC6/hardware.o
    0x10000620   0x00000026   Zero   RW          329    .bss..L_MergedGlobals  BUILD/LPC1768/ARMC6/keyboard.o
    0x10000646   0x00000002   PAD
    0x10000648   0x00000060   Zero   RW          345    .bss..L_MergedGlobals  BUILD/LPC1768/ARMC6/main.o
    0x100006a8   0x00000002   Zero   RW        25585    .bss..L_MergedGlobals  BUILD/LPC1768/ARMC6/mbed-os/hal/source/mbed_critical_section_api.o
    0x100006aa   0x00000002   PAD
    0x100006ac   0x00000030   Zero   RW        25948    .bss..L_MergedGlobals  BUILD/LPC1768/ARMC6/mbed-os/platform/source/FileBase.o
    0x100006dc   0x00000070   Zero   RW        26528    .bss..L_MergedGlobals  BUILD/LPC1768/ARMC6/mbed-os/platform/source/mbed_error.o
    0x1000074c   0x00000028   Zero   RW        26842    .bss..L_MergedGlobals  BUILD/LPC1768/ARMC6/mbed-os/platform/source/mbed_retarget.o
    0x10000774   0x00000004   PAD
    0x10000778   0x00000010   Zero   RW        29295    .bss..L_MergedGlobals  BUILD/LPC1768/ARMC6/mbed-os/targets/TARGET_NXP/TARGET_LPC176X/serial_api.o
    0x10000788   0x0000002c   Zero   RW          281    .bss.DACout         BUILD/LPC1768/ARMC6/hardware.o
    0x100007b4   0x00000028   Zero   RW        26833    .bss._ZL16filehandle_mutex  BUILD/LPC1768/ARMC6/mbed-os/platform/source/mbed_retarget.o
    0x100007dc   0x00000004   PAD
    0x100007e0   0x00001000   Zero   RW         1014    .bss._main_stack    BUILD/LPC1768/ARMC6/mbed-os/cmsis/device/rtos/source/mbed_rtos_rtx.o
    0x100017e0   0x00000024   Zero   RW         1015    .bss._main_thread_attr  BUILD/LPC1768/ARMC6/mbed-os/cmsis/device/rtos/source/mbed_rtos_rtx.o
    0x10001804   0x00000020   Zero   RW          987    .bss._static_mutexes  BUILD/LPC1768/ARMC6/mbed-os/cmsis/device/rtos/TOOLCHAIN_ARM_STD/mbed_boot_arm_std.o
    0x10001824   0x000000e0   Zero   RW          988    .bss._static_mutexes_mem  BUILD/LPC1768/ARMC6/mbed-os/cmsis/device/rtos/TOOLCHAIN_ARM_STD/mbed_boot_arm_std.o
    0x10001904   0x00000001   Zero   RW        25709    .bss._us_ticker_initialized  BUILD/LPC1768/ARMC6/mbed-os/hal/source/mbed_us_ticker_api.o
    0x10001905   0x00000003   PAD
    0x10001908   0x00000004   Zero   RW        26483    .bss.critical_section_reentrancy_counter  BUILD/LPC1768/ARMC6/mbed-os/platform/source/mbed_critical.o
    0x1000190c   0x00000002   Zero   RW        26645    .bss.deep_sleep_lock  BUILD/LPC1768/ARMC6/mbed-os/platform/source/mbed_power_mgmt.o
    0x1000190e   0x00000002   PAD
    0x10001910   0x00000038   Zero   RW        25711    .bss.events         BUILD/LPC1768/ARMC6/mbed-os/hal/source/mbed_us_ticker_api.o
    0x10001948   0x00000001   Zero   RW        26527    .bss.halt_in_progress  BUILD/LPC1768/ARMC6/mbed-os/platform/source/mbed_error.o
    0x10001949   0x00000003   PAD
    0x1000194c   0x00000004   Zero   RW        29489    .bss.hardmode       BUILD/LPC1768/ARMC6/menu.o
    0x10001950   0x00000004   Zero   RW        29292    .bss.irq_handler    BUILD/LPC1768/ARMC6/mbed-os/targets/TARGET_NXP/TARGET_LPC176X/serial_api.o
    0x10001954   0x00000001   Zero   RW        26526    .bss.mbed_error_in_progress  BUILD/LPC1768/ARMC6/mbed-os/platform/source/mbed_error.o
    0x10001955   0x00000003   PAD
    0x10001958   0x00000054   Zero   RW        26345    .bss.mbed_fault_context  BUILD/LPC1768/ARMC6/mbed-os/platform/source/TARGET_CORTEX_M/mbed_fault_handler.o
    0x100019ac   0x00000004   Zero   RW        26832    .bss.mbed_heap_size  BUILD/LPC1768/ARMC6/mbed-os/platform/source/mbed_retarget.o
    0x100019b0   0x00000004   Zero   RW        26831    .bss.mbed_heap_start  BUILD/LPC1768/ARMC6/mbed-os/platform/source/mbed_retarget.o
    0x100019b4   0x00000004   Zero   RW         1005    .bss.mbed_stack_isr_size  BUILD/LPC1768/ARMC6/mbed-os/cmsis/device/rtos/source/mbed_boot.o
    0x100019b8   0x00000004   Zero   RW         1004    .bss.mbed_stack_isr_start  BUILD/LPC1768/ARMC6/mbed-os/cmsis/device/rtos/source/mbed_boot.o
    0x100019bc   0x0000006c   Zero   RW          280    .bss.myNav          BUILD/LPC1768/ARMC6/hardware.o
    0x10001a28   0x00000004   Zero   RW        29491    .bss.normal         BUILD/LPC1768/ARMC6/menu.o
    0x10001a2c   0x00000040   Zero   RW          552    .bss.os             BUILD/LPC1768/ARMC6/mbed-os/cmsis/CMSIS_5/CMSIS/RTOS2/RTX/Source/rtx_lib.o
    0x10001a6c   0x00000001   Zero   RW          965    .bss.os             BUILD/LPC1768/ARMC6/mbed-os/cmsis/CMSIS_5/CMSIS/RTOS2/Source/os_systick.o
    0x10001a6d   0x00000003   PAD
    0x10001a70   0x000001f0   Zero   RW          986    .bss.os.libspace    BUILD/LPC1768/ARMC6/mbed-os/cmsis/device/rtos/TOOLCHAIN_ARM_STD/mbed_boot_arm_std.o
    0x10001c60   0x00000034   Zero   RW          563    .bss.os.msgqueue.cb  BUILD/LPC1768/ARMC6/mbed-os/cmsis/CMSIS_5/CMSIS/RTOS2/RTX/Source/rtx_lib.o
    0x10001c94   0x00000050   Zero   RW          564    .bss.os.msgqueue.mem  BUILD/LPC1768/ARMC6/mbed-os/cmsis/CMSIS_5/CMSIS/RTOS2/RTX/Source/rtx_lib.o
    0x10001ce4   0x00000088   Zero   RW          560    .bss.os.thread.cb   BUILD/LPC1768/ARMC6/mbed-os/cmsis/CMSIS_5/CMSIS/RTOS2/RTX/Source/rtx_lib.o
    0x10001d6c   0x00000044   Zero   RW         1016    .bss.os.thread.cb   BUILD/LPC1768/ARMC6/mbed-os/cmsis/device/rtos/source/mbed_rtos_rtx.o
    0x10001db0   0x00000200   Zero   RW          561    .bss.os.thread.idle.stack  BUILD/LPC1768/ARMC6/mbed-os/cmsis/CMSIS_5/CMSIS/RTOS2/RTX/Source/rtx_lib.o
    0x10001fb0   0x00000300   Zero   RW          562    .bss.os.thread.timer.stack  BUILD/LPC1768/ARMC6/mbed-os/cmsis/CMSIS_5/CMSIS/RTOS2/RTX/Source/rtx_lib.o
    0x100022b0   0x00000001   Zero   RW          989    .bss.os_kernel_is_active.os_kernel_active  BUILD/LPC1768/ARMC6/mbed-os/cmsis/device/rtos/TOOLCHAIN_ARM_STD/mbed_boot_arm_std.o
    0x100022b1   0x00000003   PAD
    0x100022b4   0x00000004   Zero   RW        29212    .bss.pwm_clock_mhz  BUILD/LPC1768/ARMC6/mbed-os/targets/TARGET_NXP/TARGET_LPC176X/pwmout_api.o
    0x100022b8   0x00000004   Zero   RW         1020    .bss.singleton_mutex_id  BUILD/LPC1768/ARMC6/mbed-os/cmsis/device/rtos/source/mbed_rtos_rtx.o
    0x100022bc   0x0000001c   Zero   RW         1018    .bss.singleton_mutex_obj  BUILD/LPC1768/ARMC6/mbed-os/cmsis/device/rtos/source/mbed_rtos_rtx.o
    0x100022d8   0x00000004   Zero   RW        29490    .bss.suddendeath    BUILD/LPC1768/ARMC6/menu.o
    0x100022dc   0x00000004   Zero   RW         1033    .bss.terminate_hook  BUILD/LPC1768/ARMC6/mbed-os/cmsis/device/rtos/source/mbed_rtx_handlers.o
    0x100022e0   0x00000328   Zero   RW          279    .bss.uLCD           BUILD/LPC1768/ARMC6/hardware.o
    0x10002608   0x000000e0   Zero   RW        29291    .bss.uart_data      BUILD/LPC1768/ARMC6/mbed-os/targets/TARGET_NXP/TARGET_LPC176X/serial_api.o
    0x100026e8   0x00000001   Zero   RW        29363    .bss.us_ticker_inited  BUILD/LPC1768/ARMC6/mbed-os/targets/TARGET_NXP/TARGET_LPC176X/us_ticker.o
    0x100026e9   0x00000007   PAD
    0x100026f0   0x00000250   Zero   RW          282    .bss.waver          BUILD/LPC1768/ARMC6/hardware.o


    Execution Region ARM_LIB_HEAP (Base: 0x10002940, Size: 0x000052a0, Max: 0x000052a0, ABSOLUTE)

    Base Addr    Size         Type   Attr      Idx    E Section Name        Object

    0x10002940   0x000052a0   Zero   RW            1    ARM_LIB_HEAP.bss    anon$$obj.o


    Execution Region ARM_LIB_STACK (Base: 0x10007c00, Size: 0x00000400, Max: 0x00000400, ABSOLUTE)

    Base Addr    Size         Type   Attr      Idx    E Section Name        Object

    0x10007c00   0x00000400   Zero   RW            2    ARM_LIB_STACK.bss   anon$$obj.o


    Execution Region RW_IRAM2 (Base: 0x2007c000, Size: 0x00000000, Max: 0x00004000, ABSOLUTE)

    **** No section assigned to this execution region ****


    Execution Region RW_IRAM3 (Base: 0x20080000, Size: 0x00000000, Max: 0x00004000, ABSOLUTE)

    **** No section assigned to this execution region ****


    Execution Region RW_IRAM4 (Base: 0x40038000, Size: 0x00000000, Max: 0x00000800, ABSOLUTE)

    **** No section assigned to this execution region ****


==============================================================================

Image component sizes


      Code (inc. data)   RO Data    RW Data    ZI Data      Debug   

     24824       1752       3924        680      31264      28456   Object Totals
         0          0         32          0      22176          0   (incl. Generated)
        78          0          5          0         36          0   (incl. Padding)
      6108        316          0         16        576       5988   Library Totals
        18          0          0          0          0          0   (incl. Padding)

==============================================================================


      Code (inc. data)   RO Data    RW Data    ZI Data      Debug   

     30932       2068       3924        696      31840      29500   Grand Totals
     30932       2068       3924        216      31840      29500   ELF Image Totals (compressed)
     30932       2068       3924        216          0          0   ROM Totals

==============================================================================

    Total RO  Size (Code + RO Data)                34856 (  34.04kB)
    Total RW  Size (RW Data + ZI Data)             32536 (  31.77kB)
    Total ROM Size (Code + RO Data + RW Data)      35072 (  34.25kB)

==============================================================================

